2026-03-23 08:46:56,406 - ==== FrozenLake Q-Learning Training ====
2026-03-23 08:46:56,416 - Number of states: 16
2026-03-23 08:46:56,417 - Number of actions: 4
2026-03-23 08:46:56,417 - Initialize Q-table: 
2026-03-23 08:46:56,418 - [[0. 0. 0. 0.]
 [0. 0. 0. 0.]
 [0. 0. 0. 0.]
 [0. 0. 0. 0.]
 [0. 0. 0. 0.]
 [0. 0. 0. 0.]
 [0. 0. 0. 0.]
 [0. 0. 0. 0.]
 [0. 0. 0. 0.]
 [0. 0. 0. 0.]
 [0. 0. 0. 0.]
 [0. 0. 0. 0.]
 [0. 0. 0. 0.]
 [0. 0. 0. 0.]
 [0. 0. 0. 0.]
 [0. 0. 0. 0.]]
2026-03-23 08:46:56,499 - Epsilon 0.6063789448611848 | Avg reward: 0.016 | Epsilon: 0.606
2026-03-23 08:46:56,500 - Win rate (last 500): 0.016
2026-03-23 08:46:56,594 - Epsilon 0.3676954247709635 | Avg reward: 0.042 | Epsilon: 0.368
2026-03-23 08:46:56,594 - Win rate (last 500): 0.042
2026-03-23 08:46:56,698 - Epsilon 0.22296276370290227 | Avg reward: 0.064 | Epsilon: 0.223
2026-03-23 08:46:56,699 - Win rate (last 500): 0.064
2026-03-23 08:46:56,828 - Epsilon 0.1351999253974994 | Avg reward: 0.080 | Epsilon: 0.135
2026-03-23 08:46:56,828 - Win rate (last 500): 0.080
2026-03-23 08:46:57,029 - Epsilon 0.08198238810784661 | Avg reward: 0.160 | Epsilon: 0.082
2026-03-23 08:46:57,029 - Win rate (last 500): 0.160
2026-03-23 08:46:57,271 - Epsilon 0.05 | Avg reward: 0.236 | Epsilon: 0.050
2026-03-23 08:46:57,271 - Win rate (last 500): 0.236
2026-03-23 08:46:57,494 - Epsilon 0.05 | Avg reward: 0.266 | Epsilon: 0.050
2026-03-23 08:46:57,494 - Win rate (last 500): 0.266
2026-03-23 08:46:57,707 - Epsilon 0.05 | Avg reward: 0.244 | Epsilon: 0.050
2026-03-23 08:46:57,707 - Win rate (last 500): 0.244
2026-03-23 08:46:57,929 - Epsilon 0.05 | Avg reward: 0.248 | Epsilon: 0.050
2026-03-23 08:46:57,929 - Win rate (last 500): 0.248
2026-03-23 08:46:58,149 - Epsilon 0.05 | Avg reward: 0.292 | Epsilon: 0.050
2026-03-23 08:46:58,150 - Win rate (last 500): 0.292
2026-03-23 08:46:58,385 - Epsilon 0.05 | Avg reward: 0.264 | Epsilon: 0.050
2026-03-23 08:46:58,385 - Win rate (last 500): 0.264
2026-03-23 08:46:58,591 - Epsilon 0.05 | Avg reward: 0.256 | Epsilon: 0.050
2026-03-23 08:46:58,591 - Win rate (last 500): 0.256
2026-03-23 08:46:58,824 - Epsilon 0.05 | Avg reward: 0.270 | Epsilon: 0.050
2026-03-23 08:46:58,825 - Win rate (last 500): 0.270
2026-03-23 08:46:59,039 - Epsilon 0.05 | Avg reward: 0.272 | Epsilon: 0.050
2026-03-23 08:46:59,040 - Win rate (last 500): 0.272
2026-03-23 08:46:59,267 - Epsilon 0.05 | Avg reward: 0.290 | Epsilon: 0.050
2026-03-23 08:46:59,268 - Win rate (last 500): 0.290
2026-03-23 08:46:59,498 - Epsilon 0.05 | Avg reward: 0.222 | Epsilon: 0.050
2026-03-23 08:46:59,498 - Win rate (last 500): 0.222
2026-03-23 08:46:59,715 - Epsilon 0.05 | Avg reward: 0.294 | Epsilon: 0.050
2026-03-23 08:46:59,715 - Win rate (last 500): 0.294
2026-03-23 08:46:59,933 - Epsilon 0.05 | Avg reward: 0.292 | Epsilon: 0.050
2026-03-23 08:46:59,933 - Win rate (last 500): 0.292
2026-03-23 08:47:00,146 - Epsilon 0.05 | Avg reward: 0.246 | Epsilon: 0.050
2026-03-23 08:47:00,146 - Win rate (last 500): 0.246
2026-03-23 08:47:00,379 - Epsilon 0.05 | Avg reward: 0.274 | Epsilon: 0.050
2026-03-23 08:47:00,379 - Win rate (last 500): 0.274
2026-03-23 08:47:00,652 - Epsilon 0.05 | Avg reward: 0.276 | Epsilon: 0.050
2026-03-23 08:47:00,653 - Win rate (last 500): 0.276
2026-03-23 08:47:00,888 - Epsilon 0.05 | Avg reward: 0.284 | Epsilon: 0.050
2026-03-23 08:47:00,888 - Win rate (last 500): 0.284
2026-03-23 08:47:01,116 - Epsilon 0.05 | Avg reward: 0.348 | Epsilon: 0.050
2026-03-23 08:47:01,117 - Win rate (last 500): 0.348
2026-03-23 08:47:01,377 - Epsilon 0.05 | Avg reward: 0.250 | Epsilon: 0.050
2026-03-23 08:47:01,377 - Win rate (last 500): 0.250
2026-03-23 08:47:01,595 - Epsilon 0.05 | Avg reward: 0.310 | Epsilon: 0.050
2026-03-23 08:47:01,595 - Win rate (last 500): 0.310
2026-03-23 08:47:01,821 - Epsilon 0.05 | Avg reward: 0.312 | Epsilon: 0.050
2026-03-23 08:47:01,821 - Win rate (last 500): 0.312
2026-03-23 08:47:02,040 - Epsilon 0.05 | Avg reward: 0.284 | Epsilon: 0.050
2026-03-23 08:47:02,040 - Win rate (last 500): 0.284
2026-03-23 08:47:02,255 - Epsilon 0.05 | Avg reward: 0.282 | Epsilon: 0.050
2026-03-23 08:47:02,255 - Win rate (last 500): 0.282
2026-03-23 08:47:02,488 - Epsilon 0.05 | Avg reward: 0.272 | Epsilon: 0.050
2026-03-23 08:47:02,489 - Win rate (last 500): 0.272
2026-03-23 08:47:02,713 - Epsilon 0.05 | Avg reward: 0.260 | Epsilon: 0.050
2026-03-23 08:47:02,714 - Win rate (last 500): 0.260
2026-03-23 08:47:02,930 - Epsilon 0.05 | Avg reward: 0.302 | Epsilon: 0.050
2026-03-23 08:47:02,930 - Win rate (last 500): 0.302
2026-03-23 08:47:03,143 - Epsilon 0.05 | Avg reward: 0.268 | Epsilon: 0.050
2026-03-23 08:47:03,143 - Win rate (last 500): 0.268
2026-03-23 08:47:03,368 - Epsilon 0.05 | Avg reward: 0.296 | Epsilon: 0.050
2026-03-23 08:47:03,368 - Win rate (last 500): 0.296
2026-03-23 08:47:03,610 - Epsilon 0.05 | Avg reward: 0.274 | Epsilon: 0.050
2026-03-23 08:47:03,611 - Win rate (last 500): 0.274
2026-03-23 08:47:03,826 - Epsilon 0.05 | Avg reward: 0.256 | Epsilon: 0.050
2026-03-23 08:47:03,826 - Win rate (last 500): 0.256
2026-03-23 08:47:04,049 - Epsilon 0.05 | Avg reward: 0.268 | Epsilon: 0.050
2026-03-23 08:47:04,050 - Win rate (last 500): 0.268
2026-03-23 08:47:04,270 - Epsilon 0.05 | Avg reward: 0.324 | Epsilon: 0.050
2026-03-23 08:47:04,270 - Win rate (last 500): 0.324
2026-03-23 08:47:04,488 - Epsilon 0.05 | Avg reward: 0.288 | Epsilon: 0.050
2026-03-23 08:47:04,488 - Win rate (last 500): 0.288
2026-03-23 08:47:04,703 - Epsilon 0.05 | Avg reward: 0.262 | Epsilon: 0.050
2026-03-23 08:47:04,703 - Win rate (last 500): 0.262
2026-03-23 08:47:04,926 - Epsilon 0.05 | Avg reward: 0.242 | Epsilon: 0.050
2026-03-23 08:47:04,926 - Win rate (last 500): 0.242
2026-03-23 08:47:04,926 - Training wins: 4993/20000
2026-03-23 08:47:04,926 - Best avg reward: 0.348 at episode 11500
2026-03-23 08:47:04,926 - Best episode (avg reward): 11500
2026-03-23 08:47:04,927 - Q-table after training:
[[3.153e-01 1.653e-01 1.856e-01 1.817e-01]
 [1.603e-02 8.338e-03 8.188e-03 1.861e-01]
 [3.046e-02 2.987e-02 3.109e-02 4.391e-02]
 [7.945e-03 1.569e-02 5.020e-03 2.987e-02]
 [4.367e-01 9.428e-02 1.657e-01 5.383e-02]
 [0.000e+00 0.000e+00 0.000e+00 0.000e+00]
 [1.075e-02 2.522e-02 1.673e-04 1.097e-05]
 [0.000e+00 0.000e+00 0.000e+00 0.000e+00]
 [1.658e-01 8.941e-03 2.043e-02 6.205e-01]
 [2.161e-02 3.068e-01 1.264e-02 1.393e-01]
 [6.427e-01 2.923e-02 4.535e-03 3.942e-02]
 [0.000e+00 0.000e+00 0.000e+00 0.000e+00]
 [0.000e+00 0.000e+00 0.000e+00 0.000e+00]
 [2.154e-01 1.485e-01 5.741e-01 1.403e-01]
 [5.673e-01 9.575e-01 3.938e-01 3.329e-01]
 [0.000e+00 0.000e+00 0.000e+00 0.000e+00]]
2026-03-23 08:47:04,929 - Q-table saved: lab2/logs/qtable_20260323_084656.txt
2026-03-23 08:47:04,929 - Best action per state: [0, 3, 3, 3, 0, 0, 1, 0, 3, 1, 0, 0, 0, 2, 1, 0]
2026-03-23 08:47:04,929 - Best action at start state (0): 0
2026-03-23 08:47:04,929 - Q-table sum: 7.388602 | Equals 1? False
2026-03-23 08:47:05,209 - Learning curve saved: lab2/logs/learning_curve_20260323_084656.png
2026-03-23 08:47:05,598 - Win rate curve saved: lab2/logs/winrate_curve_20260323_084656.png
2026-03-23 08:47:05,627 - Win rate: 0.20
