2026-03-23 08:50:11,649 - ==== FrozenLake Q-Learning Training ====
2026-03-23 08:50:11,657 - Number of states: 16
2026-03-23 08:50:11,657 - Number of actions: 4
2026-03-23 08:50:11,658 - Initialize Q-table: 
2026-03-23 08:50:11,658 - [[0. 0. 0. 0.]
 [0. 0. 0. 0.]
 [0. 0. 0. 0.]
 [0. 0. 0. 0.]
 [0. 0. 0. 0.]
 [0. 0. 0. 0.]
 [0. 0. 0. 0.]
 [0. 0. 0. 0.]
 [0. 0. 0. 0.]
 [0. 0. 0. 0.]
 [0. 0. 0. 0.]
 [0. 0. 0. 0.]
 [0. 0. 0. 0.]
 [0. 0. 0. 0.]
 [0. 0. 0. 0.]
 [0. 0. 0. 0.]]
2026-03-23 08:50:11,725 - Epsilon 0.7787520933134615 | Avg reward: 0.006 | Epsilon: 0.779
2026-03-23 08:50:11,726 - Win rate (last 500): 0.006
2026-03-23 08:50:11,807 - Epsilon 0.606454822840097 | Avg reward: 0.034 | Epsilon: 0.606
2026-03-23 08:50:11,807 - Win rate (last 500): 0.034
2026-03-23 08:50:11,900 - Epsilon 0.4722779627867691 | Avg reward: 0.062 | Epsilon: 0.472
2026-03-23 08:50:11,901 - Win rate (last 500): 0.062
2026-03-23 08:50:12,014 - Epsilon 0.3677874521460121 | Avg reward: 0.076 | Epsilon: 0.368
2026-03-23 08:50:12,014 - Win rate (last 500): 0.076
2026-03-23 08:50:12,136 - Epsilon 0.28641524825313086 | Avg reward: 0.100 | Epsilon: 0.286
2026-03-23 08:50:12,136 - Win rate (last 500): 0.100
2026-03-23 08:50:12,320 - Epsilon 0.22304647413401948 | Avg reward: 0.132 | Epsilon: 0.223
2026-03-23 08:50:12,320 - Win rate (last 500): 0.132
2026-03-23 08:50:12,521 - Epsilon 0.17369790863805412 | Avg reward: 0.190 | Epsilon: 0.174
2026-03-23 08:50:12,521 - Win rate (last 500): 0.190
2026-03-23 08:50:12,717 - Epsilon 0.13526760995605422 | Avg reward: 0.196 | Epsilon: 0.135
2026-03-23 08:50:12,717 - Win rate (last 500): 0.196
2026-03-23 08:50:12,948 - Epsilon 0.10533993441078586 | Avg reward: 0.286 | Epsilon: 0.105
2026-03-23 08:50:12,948 - Win rate (last 500): 0.286
2026-03-23 08:50:13,176 - Epsilon 0.0820336944319021 | Avg reward: 0.298 | Epsilon: 0.082
2026-03-23 08:50:13,176 - Win rate (last 500): 0.298
2026-03-23 08:50:13,404 - Epsilon 0.06388391126108031 | Avg reward: 0.352 | Epsilon: 0.064
2026-03-23 08:50:13,404 - Win rate (last 500): 0.352
2026-03-23 08:50:13,671 - Epsilon 0.04974972962361759 | Avg reward: 0.464 | Epsilon: 0.050
2026-03-23 08:50:13,671 - Win rate (last 500): 0.464
2026-03-23 08:50:13,925 - Epsilon 0.03874270608617077 | Avg reward: 0.374 | Epsilon: 0.039
2026-03-23 08:50:13,925 - Win rate (last 500): 0.374
2026-03-23 08:50:14,201 - Epsilon 0.03017096346523357 | Avg reward: 0.480 | Epsilon: 0.030
2026-03-23 08:50:14,201 - Win rate (last 500): 0.480
2026-03-23 08:50:14,445 - Epsilon 0.02349570095583451 | Avg reward: 0.504 | Epsilon: 0.023
2026-03-23 08:50:14,445 - Win rate (last 500): 0.504
2026-03-23 08:50:14,725 - Epsilon 0.018297326303223154 | Avg reward: 0.464 | Epsilon: 0.018
2026-03-23 08:50:14,726 - Win rate (last 500): 0.464
2026-03-23 08:50:14,999 - Epsilon 0.014249081160674432 | Avg reward: 0.494 | Epsilon: 0.014
2026-03-23 08:50:15,000 - Win rate (last 500): 0.494
2026-03-23 08:50:15,286 - Epsilon 0.011096501781668586 | Avg reward: 0.542 | Epsilon: 0.011
2026-03-23 08:50:15,286 - Win rate (last 500): 0.542
2026-03-23 08:50:15,617 - Epsilon 0.01 | Avg reward: 0.598 | Epsilon: 0.010
2026-03-23 08:50:15,617 - Win rate (last 500): 0.598
2026-03-23 08:50:15,902 - Epsilon 0.01 | Avg reward: 0.548 | Epsilon: 0.010
2026-03-23 08:50:15,902 - Win rate (last 500): 0.548
2026-03-23 08:50:16,136 - Epsilon 0.01 | Avg reward: 0.496 | Epsilon: 0.010
2026-03-23 08:50:16,137 - Win rate (last 500): 0.496
2026-03-23 08:50:16,431 - Epsilon 0.01 | Avg reward: 0.594 | Epsilon: 0.010
2026-03-23 08:50:16,431 - Win rate (last 500): 0.594
2026-03-23 08:50:16,725 - Epsilon 0.01 | Avg reward: 0.626 | Epsilon: 0.010
2026-03-23 08:50:16,726 - Win rate (last 500): 0.626
2026-03-23 08:50:17,029 - Epsilon 0.01 | Avg reward: 0.608 | Epsilon: 0.010
2026-03-23 08:50:17,030 - Win rate (last 500): 0.608
2026-03-23 08:50:17,307 - Epsilon 0.01 | Avg reward: 0.590 | Epsilon: 0.010
2026-03-23 08:50:17,308 - Win rate (last 500): 0.590
2026-03-23 08:50:17,607 - Epsilon 0.01 | Avg reward: 0.610 | Epsilon: 0.010
2026-03-23 08:50:17,608 - Win rate (last 500): 0.610
2026-03-23 08:50:17,900 - Epsilon 0.01 | Avg reward: 0.630 | Epsilon: 0.010
2026-03-23 08:50:17,901 - Win rate (last 500): 0.630
2026-03-23 08:50:18,188 - Epsilon 0.01 | Avg reward: 0.590 | Epsilon: 0.010
2026-03-23 08:50:18,189 - Win rate (last 500): 0.590
2026-03-23 08:50:18,476 - Epsilon 0.01 | Avg reward: 0.586 | Epsilon: 0.010
2026-03-23 08:50:18,477 - Win rate (last 500): 0.586
2026-03-23 08:50:18,758 - Epsilon 0.01 | Avg reward: 0.566 | Epsilon: 0.010
2026-03-23 08:50:18,758 - Win rate (last 500): 0.566
2026-03-23 08:50:19,039 - Epsilon 0.01 | Avg reward: 0.582 | Epsilon: 0.010
2026-03-23 08:50:19,040 - Win rate (last 500): 0.582
2026-03-23 08:50:19,324 - Epsilon 0.01 | Avg reward: 0.598 | Epsilon: 0.010
2026-03-23 08:50:19,324 - Win rate (last 500): 0.598
2026-03-23 08:50:19,614 - Epsilon 0.01 | Avg reward: 0.586 | Epsilon: 0.010
2026-03-23 08:50:19,614 - Win rate (last 500): 0.586
2026-03-23 08:50:19,880 - Epsilon 0.01 | Avg reward: 0.554 | Epsilon: 0.010
2026-03-23 08:50:19,880 - Win rate (last 500): 0.554
2026-03-23 08:50:20,182 - Epsilon 0.01 | Avg reward: 0.608 | Epsilon: 0.010
2026-03-23 08:50:20,183 - Win rate (last 500): 0.608
2026-03-23 08:50:20,453 - Epsilon 0.01 | Avg reward: 0.544 | Epsilon: 0.010
2026-03-23 08:50:20,453 - Win rate (last 500): 0.544
2026-03-23 08:50:20,769 - Epsilon 0.01 | Avg reward: 0.544 | Epsilon: 0.010
2026-03-23 08:50:20,769 - Win rate (last 500): 0.544
2026-03-23 08:50:21,059 - Epsilon 0.01 | Avg reward: 0.650 | Epsilon: 0.010
2026-03-23 08:50:21,059 - Win rate (last 500): 0.650
2026-03-23 08:50:21,347 - Epsilon 0.01 | Avg reward: 0.506 | Epsilon: 0.010
2026-03-23 08:50:21,347 - Win rate (last 500): 0.506
2026-03-23 08:50:21,616 - Epsilon 0.01 | Avg reward: 0.580 | Epsilon: 0.010
2026-03-23 08:50:21,617 - Win rate (last 500): 0.580
2026-03-23 08:50:21,617 - Training wins: 8924/20000
2026-03-23 08:50:21,617 - Best avg reward: 0.650 at episode 19000
2026-03-23 08:50:21,618 - Best episode (avg reward): 19000
2026-03-23 08:50:21,618 - Q-table after training:
[[0.180 0.147 0.125 0.127]
 [0.067 0.091 0.069 0.164]
 [0.150 0.093 0.086 0.070]
 [0.059 0.049 0.046 0.066]
 [0.192 0.114 0.122 0.141]
 [0.000 0.000 0.000 0.000]
 [0.066 0.066 0.104 0.035]
 [0.000 0.000 0.000 0.000]
 [0.171 0.111 0.143 0.258]
 [0.207 0.348 0.237 0.191]
 [0.324 0.122 0.230 0.091]
 [0.000 0.000 0.000 0.000]
 [0.000 0.000 0.000 0.000]
 [0.200 0.293 0.390 0.431]
 [0.470 0.695 0.469 0.489]
 [0.000 0.000 0.000 0.000]]
2026-03-23 08:50:21,619 - Q-table saved: lab2/logs/qtable_20260323_085011.txt
2026-03-23 08:50:21,620 - Best action per state: [0, 3, 0, 3, 0, 0, 2, 0, 3, 1, 0, 0, 0, 3, 1, 0]
2026-03-23 08:50:21,620 - Best action at start state (0): 0
2026-03-23 08:50:21,620 - Q-table sum: 8.299824 | Equals 1? False
2026-03-23 08:50:21,913 - Learning curve saved: lab2/logs/learning_curve_20260323_085011.png
2026-03-23 08:50:22,364 - Win rate curve saved: lab2/logs/winrate_curve_20260323_085011.png
2026-03-23 08:50:22,410 - Win rate: 0.43
