2026-03-23 09:02:56,082 - ==== FrozenLake Q-Learning Training ====
2026-03-23 09:02:56,090 - Number of states: 16
2026-03-23 09:02:56,090 - Number of actions: 4
2026-03-23 09:02:56,091 - Initialize Q-table: 
2026-03-23 09:02:56,091 - [[0. 0. 0. 0.]
 [0. 0. 0. 0.]
 [0. 0. 0. 0.]
 [0. 0. 0. 0.]
 [0. 0. 0. 0.]
 [0. 0. 0. 0.]
 [0. 0. 0. 0.]
 [0. 0. 0. 0.]
 [0. 0. 0. 0.]
 [0. 0. 0. 0.]
 [0. 0. 0. 0.]
 [0. 0. 0. 0.]
 [0. 0. 0. 0.]
 [0. 0. 0. 0.]
 [0. 0. 0. 0.]
 [0. 0. 0. 0.]]
2026-03-23 09:02:56,202 - Epsilon 0.08157186144027828 | Avg reward: 0.064 | Epsilon: 0.082
2026-03-23 09:02:56,203 - Win rate (last 500): 0.064
2026-03-23 09:02:56,452 - Epsilon 0.01 | Avg reward: 0.318 | Epsilon: 0.010
2026-03-23 09:02:56,452 - Win rate (last 500): 0.318
2026-03-23 09:02:56,696 - Epsilon 0.01 | Avg reward: 0.428 | Epsilon: 0.010
2026-03-23 09:02:56,696 - Win rate (last 500): 0.428
2026-03-23 09:02:56,992 - Epsilon 0.01 | Avg reward: 0.544 | Epsilon: 0.010
2026-03-23 09:02:56,993 - Win rate (last 500): 0.544
2026-03-23 09:02:57,281 - Epsilon 0.01 | Avg reward: 0.612 | Epsilon: 0.010
2026-03-23 09:02:57,282 - Win rate (last 500): 0.612
2026-03-23 09:02:57,576 - Epsilon 0.01 | Avg reward: 0.570 | Epsilon: 0.010
2026-03-23 09:02:57,577 - Win rate (last 500): 0.570
2026-03-23 09:02:57,865 - Epsilon 0.01 | Avg reward: 0.518 | Epsilon: 0.010
2026-03-23 09:02:57,865 - Win rate (last 500): 0.518
2026-03-23 09:02:58,169 - Epsilon 0.01 | Avg reward: 0.574 | Epsilon: 0.010
2026-03-23 09:02:58,169 - Win rate (last 500): 0.574
2026-03-23 09:02:58,477 - Epsilon 0.01 | Avg reward: 0.618 | Epsilon: 0.010
2026-03-23 09:02:58,478 - Win rate (last 500): 0.618
2026-03-23 09:02:58,786 - Epsilon 0.01 | Avg reward: 0.682 | Epsilon: 0.010
2026-03-23 09:02:58,787 - Win rate (last 500): 0.682
2026-03-23 09:02:59,092 - Epsilon 0.01 | Avg reward: 0.646 | Epsilon: 0.010
2026-03-23 09:02:59,092 - Win rate (last 500): 0.646
2026-03-23 09:02:59,384 - Epsilon 0.01 | Avg reward: 0.658 | Epsilon: 0.010
2026-03-23 09:02:59,385 - Win rate (last 500): 0.658
2026-03-23 09:02:59,682 - Epsilon 0.01 | Avg reward: 0.690 | Epsilon: 0.010
2026-03-23 09:02:59,683 - Win rate (last 500): 0.690
2026-03-23 09:02:59,994 - Epsilon 0.01 | Avg reward: 0.602 | Epsilon: 0.010
2026-03-23 09:02:59,995 - Win rate (last 500): 0.602
2026-03-23 09:03:00,299 - Epsilon 0.01 | Avg reward: 0.578 | Epsilon: 0.010
2026-03-23 09:03:00,299 - Win rate (last 500): 0.578
2026-03-23 09:03:00,605 - Epsilon 0.01 | Avg reward: 0.696 | Epsilon: 0.010
2026-03-23 09:03:00,606 - Win rate (last 500): 0.696
2026-03-23 09:03:00,925 - Epsilon 0.01 | Avg reward: 0.654 | Epsilon: 0.010
2026-03-23 09:03:00,925 - Win rate (last 500): 0.654
2026-03-23 09:03:01,241 - Epsilon 0.01 | Avg reward: 0.708 | Epsilon: 0.010
2026-03-23 09:03:01,241 - Win rate (last 500): 0.708
2026-03-23 09:03:01,555 - Epsilon 0.01 | Avg reward: 0.704 | Epsilon: 0.010
2026-03-23 09:03:01,555 - Win rate (last 500): 0.704
2026-03-23 09:03:01,863 - Epsilon 0.01 | Avg reward: 0.678 | Epsilon: 0.010
2026-03-23 09:03:01,864 - Win rate (last 500): 0.678
2026-03-23 09:03:02,174 - Epsilon 0.01 | Avg reward: 0.640 | Epsilon: 0.010
2026-03-23 09:03:02,174 - Win rate (last 500): 0.640
2026-03-23 09:03:02,464 - Epsilon 0.01 | Avg reward: 0.686 | Epsilon: 0.010
2026-03-23 09:03:02,465 - Win rate (last 500): 0.686
2026-03-23 09:03:02,765 - Epsilon 0.01 | Avg reward: 0.616 | Epsilon: 0.010
2026-03-23 09:03:02,766 - Win rate (last 500): 0.616
2026-03-23 09:03:03,092 - Epsilon 0.01 | Avg reward: 0.658 | Epsilon: 0.010
2026-03-23 09:03:03,092 - Win rate (last 500): 0.658
2026-03-23 09:03:03,413 - Epsilon 0.01 | Avg reward: 0.676 | Epsilon: 0.010
2026-03-23 09:03:03,413 - Win rate (last 500): 0.676
2026-03-23 09:03:03,726 - Epsilon 0.01 | Avg reward: 0.662 | Epsilon: 0.010
2026-03-23 09:03:03,726 - Win rate (last 500): 0.662
2026-03-23 09:03:04,032 - Epsilon 0.01 | Avg reward: 0.660 | Epsilon: 0.010
2026-03-23 09:03:04,032 - Win rate (last 500): 0.660
2026-03-23 09:03:04,339 - Epsilon 0.01 | Avg reward: 0.660 | Epsilon: 0.010
2026-03-23 09:03:04,339 - Win rate (last 500): 0.660
2026-03-23 09:03:04,682 - Epsilon 0.01 | Avg reward: 0.658 | Epsilon: 0.010
2026-03-23 09:03:04,682 - Win rate (last 500): 0.658
2026-03-23 09:03:04,979 - Epsilon 0.01 | Avg reward: 0.686 | Epsilon: 0.010
2026-03-23 09:03:04,980 - Win rate (last 500): 0.686
2026-03-23 09:03:05,314 - Epsilon 0.01 | Avg reward: 0.654 | Epsilon: 0.010
2026-03-23 09:03:05,316 - Win rate (last 500): 0.654
2026-03-23 09:03:05,648 - Epsilon 0.01 | Avg reward: 0.656 | Epsilon: 0.010
2026-03-23 09:03:05,649 - Win rate (last 500): 0.656
2026-03-23 09:03:05,944 - Epsilon 0.01 | Avg reward: 0.668 | Epsilon: 0.010
2026-03-23 09:03:05,944 - Win rate (last 500): 0.668
2026-03-23 09:03:06,244 - Epsilon 0.01 | Avg reward: 0.664 | Epsilon: 0.010
2026-03-23 09:03:06,245 - Win rate (last 500): 0.664
2026-03-23 09:03:06,552 - Epsilon 0.01 | Avg reward: 0.642 | Epsilon: 0.010
2026-03-23 09:03:06,552 - Win rate (last 500): 0.642
2026-03-23 09:03:06,859 - Epsilon 0.01 | Avg reward: 0.688 | Epsilon: 0.010
2026-03-23 09:03:06,860 - Win rate (last 500): 0.688
2026-03-23 09:03:07,182 - Epsilon 0.01 | Avg reward: 0.658 | Epsilon: 0.010
2026-03-23 09:03:07,182 - Win rate (last 500): 0.658
2026-03-23 09:03:07,485 - Epsilon 0.01 | Avg reward: 0.678 | Epsilon: 0.010
2026-03-23 09:03:07,486 - Win rate (last 500): 0.678
2026-03-23 09:03:07,790 - Epsilon 0.01 | Avg reward: 0.638 | Epsilon: 0.010
2026-03-23 09:03:07,790 - Win rate (last 500): 0.638
2026-03-23 09:03:08,100 - Epsilon 0.01 | Avg reward: 0.652 | Epsilon: 0.010
2026-03-23 09:03:08,100 - Win rate (last 500): 0.652
2026-03-23 09:03:08,100 - Training wins: 12371/20000
2026-03-23 09:03:08,101 - Best avg reward: 0.708 at episode 9000
2026-03-23 09:03:08,101 - Best episode (avg reward): 9000
2026-03-23 09:03:08,106 - Q-table saved: lab2/logs/qtable_20260323_090256.txt
2026-03-23 09:03:08,107 - Best action per state: [0, 1, 0, 1, 0, 0, 0, 0, 3, 1, 0, 0, 0, 2, 1, 0]
2026-03-23 09:03:08,107 - Best action at start state (0): 0
2026-03-23 09:03:09,916 - Learning curve saved: lab2/logs/learning_curve_20260323_090256.png
2026-03-23 09:03:10,426 - Win rate curve saved: lab2/logs/winrate_curve_20260323_090256.png
2026-03-23 09:03:10,467 - Win rate: 0.73
