2026-03-17 20:44:54,383 - ==== FrozenLake Q-Learning Training ====
2026-03-17 20:44:54,393 - Number of states: 16
2026-03-17 20:44:54,393 - Number of actions: 4
2026-03-17 20:44:54,393 - Initialize Q-table: 
2026-03-17 20:44:54,393 - [[0. 0. 0. 0.]
 [0. 0. 0. 0.]
 [0. 0. 0. 0.]
 [0. 0. 0. 0.]
 [0. 0. 0. 0.]
 [0. 0. 0. 0.]
 [0. 0. 0. 0.]
 [0. 0. 0. 0.]
 [0. 0. 0. 0.]
 [0. 0. 0. 0.]
 [0. 0. 0. 0.]
 [0. 0. 0. 0.]
 [0. 0. 0. 0.]
 [0. 0. 0. 0.]
 [0. 0. 0. 0.]
 [0. 0. 0. 0.]]
2026-03-17 20:44:54,484 - Epsilon 0.6063789448611848 | Avg reward: 0.024 | Epsilon: 0.606
2026-03-17 20:44:54,484 - Win rate (last 500): 0.024
2026-03-17 20:44:54,590 - Epsilon 0.3676954247709635 | Avg reward: 0.042 | Epsilon: 0.368
2026-03-17 20:44:54,590 - Win rate (last 500): 0.042
2026-03-17 20:44:54,707 - Epsilon 0.22296276370290227 | Avg reward: 0.080 | Epsilon: 0.223
2026-03-17 20:44:54,707 - Win rate (last 500): 0.080
2026-03-17 20:44:54,855 - Epsilon 0.1351999253974994 | Avg reward: 0.074 | Epsilon: 0.135
2026-03-17 20:44:54,855 - Win rate (last 500): 0.074
2026-03-17 20:44:55,070 - Epsilon 0.08198238810784661 | Avg reward: 0.122 | Epsilon: 0.082
2026-03-17 20:44:55,070 - Win rate (last 500): 0.122
2026-03-17 20:44:55,311 - Epsilon 0.05 | Avg reward: 0.262 | Epsilon: 0.050
2026-03-17 20:44:55,311 - Win rate (last 500): 0.262
2026-03-17 20:44:55,592 - Epsilon 0.05 | Avg reward: 0.278 | Epsilon: 0.050
2026-03-17 20:44:55,592 - Win rate (last 500): 0.278
2026-03-17 20:44:55,844 - Epsilon 0.05 | Avg reward: 0.284 | Epsilon: 0.050
2026-03-17 20:44:55,844 - Win rate (last 500): 0.284
2026-03-17 20:44:56,091 - Epsilon 0.05 | Avg reward: 0.290 | Epsilon: 0.050
2026-03-17 20:44:56,091 - Win rate (last 500): 0.290
2026-03-17 20:44:56,309 - Epsilon 0.05 | Avg reward: 0.292 | Epsilon: 0.050
2026-03-17 20:44:56,310 - Win rate (last 500): 0.292
2026-03-17 20:44:56,583 - Epsilon 0.05 | Avg reward: 0.228 | Epsilon: 0.050
2026-03-17 20:44:56,583 - Win rate (last 500): 0.228
2026-03-17 20:44:56,812 - Epsilon 0.05 | Avg reward: 0.260 | Epsilon: 0.050
2026-03-17 20:44:56,812 - Win rate (last 500): 0.260
2026-03-17 20:44:57,023 - Epsilon 0.05 | Avg reward: 0.298 | Epsilon: 0.050
2026-03-17 20:44:57,023 - Win rate (last 500): 0.298
2026-03-17 20:44:57,246 - Epsilon 0.05 | Avg reward: 0.268 | Epsilon: 0.050
2026-03-17 20:44:57,246 - Win rate (last 500): 0.268
2026-03-17 20:44:57,462 - Epsilon 0.05 | Avg reward: 0.290 | Epsilon: 0.050
2026-03-17 20:44:57,462 - Win rate (last 500): 0.290
2026-03-17 20:44:57,676 - Epsilon 0.05 | Avg reward: 0.280 | Epsilon: 0.050
2026-03-17 20:44:57,676 - Win rate (last 500): 0.280
2026-03-17 20:44:57,894 - Epsilon 0.05 | Avg reward: 0.252 | Epsilon: 0.050
2026-03-17 20:44:57,895 - Win rate (last 500): 0.252
2026-03-17 20:44:58,141 - Epsilon 0.05 | Avg reward: 0.286 | Epsilon: 0.050
2026-03-17 20:44:58,142 - Win rate (last 500): 0.286
2026-03-17 20:44:58,414 - Epsilon 0.05 | Avg reward: 0.268 | Epsilon: 0.050
2026-03-17 20:44:58,414 - Win rate (last 500): 0.268
2026-03-17 20:44:58,690 - Epsilon 0.05 | Avg reward: 0.274 | Epsilon: 0.050
2026-03-17 20:44:58,690 - Win rate (last 500): 0.274
2026-03-17 20:44:58,969 - Epsilon 0.05 | Avg reward: 0.246 | Epsilon: 0.050
2026-03-17 20:44:58,969 - Win rate (last 500): 0.246
2026-03-17 20:44:59,254 - Epsilon 0.05 | Avg reward: 0.264 | Epsilon: 0.050
2026-03-17 20:44:59,254 - Win rate (last 500): 0.264
2026-03-17 20:44:59,502 - Epsilon 0.05 | Avg reward: 0.316 | Epsilon: 0.050
2026-03-17 20:44:59,503 - Win rate (last 500): 0.316
2026-03-17 20:44:59,764 - Epsilon 0.05 | Avg reward: 0.272 | Epsilon: 0.050
2026-03-17 20:44:59,764 - Win rate (last 500): 0.272
2026-03-17 20:44:59,989 - Epsilon 0.05 | Avg reward: 0.260 | Epsilon: 0.050
2026-03-17 20:44:59,990 - Win rate (last 500): 0.260
2026-03-17 20:45:00,205 - Epsilon 0.05 | Avg reward: 0.318 | Epsilon: 0.050
2026-03-17 20:45:00,205 - Win rate (last 500): 0.318
2026-03-17 20:45:00,437 - Epsilon 0.05 | Avg reward: 0.262 | Epsilon: 0.050
2026-03-17 20:45:00,438 - Win rate (last 500): 0.262
2026-03-17 20:45:00,660 - Epsilon 0.05 | Avg reward: 0.250 | Epsilon: 0.050
2026-03-17 20:45:00,661 - Win rate (last 500): 0.250
2026-03-17 20:45:00,905 - Epsilon 0.05 | Avg reward: 0.198 | Epsilon: 0.050
2026-03-17 20:45:00,905 - Win rate (last 500): 0.198
2026-03-17 20:45:01,123 - Epsilon 0.05 | Avg reward: 0.236 | Epsilon: 0.050
2026-03-17 20:45:01,123 - Win rate (last 500): 0.236
2026-03-17 20:45:01,338 - Epsilon 0.05 | Avg reward: 0.244 | Epsilon: 0.050
2026-03-17 20:45:01,339 - Win rate (last 500): 0.244
2026-03-17 20:45:01,558 - Epsilon 0.05 | Avg reward: 0.294 | Epsilon: 0.050
2026-03-17 20:45:01,558 - Win rate (last 500): 0.294
2026-03-17 20:45:01,870 - Epsilon 0.05 | Avg reward: 0.246 | Epsilon: 0.050
2026-03-17 20:45:01,871 - Win rate (last 500): 0.246
2026-03-17 20:45:02,106 - Epsilon 0.05 | Avg reward: 0.240 | Epsilon: 0.050
2026-03-17 20:45:02,106 - Win rate (last 500): 0.240
2026-03-17 20:45:02,343 - Epsilon 0.05 | Avg reward: 0.318 | Epsilon: 0.050
2026-03-17 20:45:02,343 - Win rate (last 500): 0.318
2026-03-17 20:45:02,576 - Epsilon 0.05 | Avg reward: 0.276 | Epsilon: 0.050
2026-03-17 20:45:02,577 - Win rate (last 500): 0.276
2026-03-17 20:45:02,775 - Epsilon 0.05 | Avg reward: 0.192 | Epsilon: 0.050
2026-03-17 20:45:02,775 - Win rate (last 500): 0.192
2026-03-17 20:45:02,991 - Epsilon 0.05 | Avg reward: 0.252 | Epsilon: 0.050
2026-03-17 20:45:02,991 - Win rate (last 500): 0.252
2026-03-17 20:45:03,246 - Epsilon 0.05 | Avg reward: 0.210 | Epsilon: 0.050
2026-03-17 20:45:03,247 - Win rate (last 500): 0.210
2026-03-17 20:45:03,487 - Epsilon 0.05 | Avg reward: 0.200 | Epsilon: 0.050
2026-03-17 20:45:03,487 - Win rate (last 500): 0.200
2026-03-17 20:45:03,488 - Training wins: 4773/20000
2026-03-17 20:45:03,488 - Best avg reward: 0.318 at episode 13000
2026-03-17 20:45:03,488 - Best episode (avg reward): 13000
2026-03-17 20:45:03,490 - Q-table after training:
[[2.956e-01 1.366e-01 1.438e-01 1.686e-01]
 [8.072e-02 4.627e-05 1.053e-01 1.561e-01]
 [1.305e-02 1.705e-01 9.005e-02 3.552e-02]
 [3.688e-03 9.737e-03 9.665e-03 1.061e-01]
 [3.711e-01 9.310e-03 3.555e-02 1.772e-01]
 [0.000e+00 0.000e+00 0.000e+00 0.000e+00]
 [3.107e-02 6.497e-03 9.228e-02 7.156e-07]
 [0.000e+00 0.000e+00 0.000e+00 0.000e+00]
 [6.386e-02 6.309e-02 7.237e-02 3.757e-01]
 [6.668e-02 5.434e-01 1.980e-01 5.133e-02]
 [5.175e-01 8.654e-02 7.221e-04 1.479e-01]
 [0.000e+00 0.000e+00 0.000e+00 0.000e+00]
 [0.000e+00 0.000e+00 0.000e+00 0.000e+00]
 [2.235e-02 1.082e-01 2.801e-01 4.289e-03]
 [7.323e-02 2.829e-01 6.924e-01 2.522e-01]
 [0.000e+00 0.000e+00 0.000e+00 0.000e+00]]
2026-03-17 20:45:03,492 - Q-table saved: lab2/logs/qtable_20260317_204454.txt
2026-03-17 20:45:03,492 - Best action per state: [0, 3, 1, 3, 0, 0, 2, 0, 3, 1, 0, 0, 0, 2, 2, 0]
2026-03-17 20:45:03,493 - Best action at start state (0): 0
2026-03-17 20:45:03,493 - Q-table sum: 6.150883 | Equals 1? False
2026-03-17 20:45:04,963 - Learning curve saved: lab2/logs/learning_curve_20260317_204454.png
2026-03-17 20:45:05,011 - Win rate: 0.68
