2026-03-23 09:05:18,916 - ==== FrozenLake Q-Learning Training ====
2026-03-23 09:05:18,924 - Number of states: 16
2026-03-23 09:05:18,925 - Number of actions: 4
2026-03-23 09:05:18,925 - Initialize Q-table: 
2026-03-23 09:05:18,925 - [[0. 0. 0. 0.]
 [0. 0. 0. 0.]
 [0. 0. 0. 0.]
 [0. 0. 0. 0.]
 [0. 0. 0. 0.]
 [0. 0. 0. 0.]
 [0. 0. 0. 0.]
 [0. 0. 0. 0.]
 [0. 0. 0. 0.]
 [0. 0. 0. 0.]
 [0. 0. 0. 0.]
 [0. 0. 0. 0.]
 [0. 0. 0. 0.]
 [0. 0. 0. 0.]
 [0. 0. 0. 0.]
 [0. 0. 0. 0.]]
2026-03-23 09:05:19,031 - Epsilon 0.08157186144027828 | Avg reward: 0.002 | Epsilon: 0.082
2026-03-23 09:05:19,032 - Win rate (last 500): 0.002
2026-03-23 09:05:19,179 - Epsilon 0.01 | Avg reward: 0.000 | Epsilon: 0.010
2026-03-23 09:05:19,179 - Win rate (last 500): 0.000
2026-03-23 09:05:19,330 - Epsilon 0.01 | Avg reward: 0.000 | Epsilon: 0.010
2026-03-23 09:05:19,330 - Win rate (last 500): 0.000
2026-03-23 09:05:19,479 - Epsilon 0.01 | Avg reward: 0.000 | Epsilon: 0.010
2026-03-23 09:05:19,479 - Win rate (last 500): 0.000
2026-03-23 09:05:19,629 - Epsilon 0.01 | Avg reward: 0.000 | Epsilon: 0.010
2026-03-23 09:05:19,630 - Win rate (last 500): 0.000
2026-03-23 09:05:19,797 - Epsilon 0.01 | Avg reward: 0.000 | Epsilon: 0.010
2026-03-23 09:05:19,797 - Win rate (last 500): 0.000
2026-03-23 09:05:19,957 - Epsilon 0.01 | Avg reward: 0.000 | Epsilon: 0.010
2026-03-23 09:05:19,957 - Win rate (last 500): 0.000
2026-03-23 09:05:20,126 - Epsilon 0.01 | Avg reward: 0.000 | Epsilon: 0.010
2026-03-23 09:05:20,127 - Win rate (last 500): 0.000
2026-03-23 09:05:20,305 - Epsilon 0.01 | Avg reward: 0.000 | Epsilon: 0.010
2026-03-23 09:05:20,306 - Win rate (last 500): 0.000
2026-03-23 09:05:20,507 - Epsilon 0.01 | Avg reward: 0.000 | Epsilon: 0.010
2026-03-23 09:05:20,508 - Win rate (last 500): 0.000
2026-03-23 09:05:20,657 - Epsilon 0.01 | Avg reward: 0.000 | Epsilon: 0.010
2026-03-23 09:05:20,657 - Win rate (last 500): 0.000
2026-03-23 09:05:20,831 - Epsilon 0.01 | Avg reward: 0.000 | Epsilon: 0.010
2026-03-23 09:05:20,832 - Win rate (last 500): 0.000
2026-03-23 09:05:21,040 - Epsilon 0.01 | Avg reward: 0.000 | Epsilon: 0.010
2026-03-23 09:05:21,040 - Win rate (last 500): 0.000
2026-03-23 09:05:21,192 - Epsilon 0.01 | Avg reward: 0.002 | Epsilon: 0.010
2026-03-23 09:05:21,192 - Win rate (last 500): 0.002
2026-03-23 09:05:21,339 - Epsilon 0.01 | Avg reward: 0.016 | Epsilon: 0.010
2026-03-23 09:05:21,339 - Win rate (last 500): 0.016
2026-03-23 09:05:21,477 - Epsilon 0.01 | Avg reward: 0.052 | Epsilon: 0.010
2026-03-23 09:05:21,477 - Win rate (last 500): 0.052
2026-03-23 09:05:21,688 - Epsilon 0.01 | Avg reward: 0.148 | Epsilon: 0.010
2026-03-23 09:05:21,689 - Win rate (last 500): 0.148
2026-03-23 09:05:21,944 - Epsilon 0.01 | Avg reward: 0.354 | Epsilon: 0.010
2026-03-23 09:05:21,944 - Win rate (last 500): 0.354
2026-03-23 09:05:22,208 - Epsilon 0.01 | Avg reward: 0.380 | Epsilon: 0.010
2026-03-23 09:05:22,209 - Win rate (last 500): 0.380
2026-03-23 09:05:22,474 - Epsilon 0.01 | Avg reward: 0.332 | Epsilon: 0.010
2026-03-23 09:05:22,474 - Win rate (last 500): 0.332
2026-03-23 09:05:22,723 - Epsilon 0.01 | Avg reward: 0.356 | Epsilon: 0.010
2026-03-23 09:05:22,724 - Win rate (last 500): 0.356
2026-03-23 09:05:22,998 - Epsilon 0.01 | Avg reward: 0.522 | Epsilon: 0.010
2026-03-23 09:05:22,998 - Win rate (last 500): 0.522
2026-03-23 09:05:23,326 - Epsilon 0.01 | Avg reward: 0.580 | Epsilon: 0.010
2026-03-23 09:05:23,326 - Win rate (last 500): 0.580
2026-03-23 09:05:23,634 - Epsilon 0.01 | Avg reward: 0.656 | Epsilon: 0.010
2026-03-23 09:05:23,635 - Win rate (last 500): 0.656
2026-03-23 09:05:23,947 - Epsilon 0.01 | Avg reward: 0.672 | Epsilon: 0.010
2026-03-23 09:05:23,947 - Win rate (last 500): 0.672
2026-03-23 09:05:24,271 - Epsilon 0.01 | Avg reward: 0.640 | Epsilon: 0.010
2026-03-23 09:05:24,271 - Win rate (last 500): 0.640
2026-03-23 09:05:24,595 - Epsilon 0.01 | Avg reward: 0.638 | Epsilon: 0.010
2026-03-23 09:05:24,595 - Win rate (last 500): 0.638
2026-03-23 09:05:24,905 - Epsilon 0.01 | Avg reward: 0.656 | Epsilon: 0.010
2026-03-23 09:05:24,905 - Win rate (last 500): 0.656
2026-03-23 09:05:25,209 - Epsilon 0.01 | Avg reward: 0.674 | Epsilon: 0.010
2026-03-23 09:05:25,210 - Win rate (last 500): 0.674
2026-03-23 09:05:25,532 - Epsilon 0.01 | Avg reward: 0.632 | Epsilon: 0.010
2026-03-23 09:05:25,532 - Win rate (last 500): 0.632
2026-03-23 09:05:25,860 - Epsilon 0.01 | Avg reward: 0.640 | Epsilon: 0.010
2026-03-23 09:05:25,860 - Win rate (last 500): 0.640
2026-03-23 09:05:26,173 - Epsilon 0.01 | Avg reward: 0.666 | Epsilon: 0.010
2026-03-23 09:05:26,173 - Win rate (last 500): 0.666
2026-03-23 09:05:26,500 - Epsilon 0.01 | Avg reward: 0.650 | Epsilon: 0.010
2026-03-23 09:05:26,500 - Win rate (last 500): 0.650
2026-03-23 09:05:26,808 - Epsilon 0.01 | Avg reward: 0.714 | Epsilon: 0.010
2026-03-23 09:05:26,808 - Win rate (last 500): 0.714
2026-03-23 09:05:27,128 - Epsilon 0.01 | Avg reward: 0.662 | Epsilon: 0.010
2026-03-23 09:05:27,128 - Win rate (last 500): 0.662
2026-03-23 09:05:27,436 - Epsilon 0.01 | Avg reward: 0.682 | Epsilon: 0.010
2026-03-23 09:05:27,436 - Win rate (last 500): 0.682
2026-03-23 09:05:27,750 - Epsilon 0.01 | Avg reward: 0.652 | Epsilon: 0.010
2026-03-23 09:05:27,750 - Win rate (last 500): 0.652
2026-03-23 09:05:28,065 - Epsilon 0.01 | Avg reward: 0.660 | Epsilon: 0.010
2026-03-23 09:05:28,065 - Win rate (last 500): 0.660
2026-03-23 09:05:28,369 - Epsilon 0.01 | Avg reward: 0.638 | Epsilon: 0.010
2026-03-23 09:05:28,369 - Win rate (last 500): 0.638
2026-03-23 09:05:28,687 - Epsilon 0.01 | Avg reward: 0.648 | Epsilon: 0.010
2026-03-23 09:05:28,687 - Win rate (last 500): 0.648
2026-03-23 09:05:28,688 - Training wins: 6962/20000
2026-03-23 09:05:28,688 - Best avg reward: 0.714 at episode 17000
2026-03-23 09:05:28,689 - Best episode (avg reward): 17000
2026-03-23 09:05:28,689 - 
============================================================
Q-TABLE SAU KHI HUAN LUYEN
============================================================
State          ←         ↓         →         ↑   Best Action
------------------------------------------------------------
S0        0.5793    0.4744    0.4882    0.4306             ←
S1        0.3396    0.0277    0.0307    0.0525             ←
S2        0.3135    0.0181    0.0448    0.0283             ←
S3        0.0000    0.0000    0.0000    0.0000             ←
S4        0.5997    0.4594    0.4335    0.4766             ←
S5        0.0000    0.0000    0.0000    0.0000           [H]
S6        0.1237    0.0907    0.3716    0.0683             →
S7        0.0000    0.0000    0.0000    0.0000           [H]
S8        0.4800    0.3771    0.3725    0.6286             ↑
S9        0.3754    0.6909    0.3981    0.3468             ↓
S10       0.6724    0.3707    0.2700    0.3885             ←
S11       0.0000    0.0000    0.0000    0.0000           [H]
S12       0.0000    0.0000    0.0000    0.0000           [H]
S13       0.3450    0.5176    0.7639    0.3785             →
S14       0.7213    0.8785    0.7281    0.7154             ↓
S15       0.0000    0.0000    0.0000    0.0000           [G]
============================================================
Chu thich: H=Hole (terminal), G=Goal (terminal)
2026-03-23 09:05:28,690 - Q-table saved: lab2/logs/qtable_20260323_090518.txt
2026-03-23 09:05:28,691 - Best action per state: [0, 0, 0, 0, 0, 0, 2, 0, 3, 1, 0, 0, 0, 2, 1, 0]
2026-03-23 09:05:28,691 - Best action at start state (0): 0
2026-03-23 09:05:29,995 - Learning curve saved: lab2/logs/learning_curve_20260323_090518.png
2026-03-23 09:05:30,352 - Win rate curve saved: lab2/logs/winrate_curve_20260323_090518.png
2026-03-23 09:05:30,394 - Win rate: 0.69
