2026-03-23 09:08:37,025 - ==== FrozenLake Q-Learning Training ====
2026-03-23 09:08:37,033 - Number of states: 16
2026-03-23 09:08:37,033 - Number of actions: 4
2026-03-23 09:08:37,034 - Initialize Q-table: 
2026-03-23 09:08:37,034 - [[0. 0. 0. 0.]
 [0. 0. 0. 0.]
 [0. 0. 0. 0.]
 [0. 0. 0. 0.]
 [0. 0. 0. 0.]
 [0. 0. 0. 0.]
 [0. 0. 0. 0.]
 [0. 0. 0. 0.]
 [0. 0. 0. 0.]
 [0. 0. 0. 0.]
 [0. 0. 0. 0.]
 [0. 0. 0. 0.]
 [0. 0. 0. 0.]
 [0. 0. 0. 0.]
 [0. 0. 0. 0.]
 [0. 0. 0. 0.]]
2026-03-23 09:08:37,124 - Epsilon 0.08157186144027828 | Avg reward: 0.042 | Epsilon: 0.082
2026-03-23 09:08:37,125 - Win rate (last 500): 0.042
2026-03-23 09:08:37,287 - Epsilon 0.01 | Avg reward: 0.192 | Epsilon: 0.010
2026-03-23 09:08:37,288 - Win rate (last 500): 0.192
2026-03-23 09:08:37,506 - Epsilon 0.01 | Avg reward: 0.306 | Epsilon: 0.010
2026-03-23 09:08:37,507 - Win rate (last 500): 0.306
2026-03-23 09:08:37,767 - Epsilon 0.01 | Avg reward: 0.446 | Epsilon: 0.010
2026-03-23 09:08:37,767 - Win rate (last 500): 0.446
2026-03-23 09:08:38,050 - Epsilon 0.01 | Avg reward: 0.534 | Epsilon: 0.010
2026-03-23 09:08:38,051 - Win rate (last 500): 0.534
2026-03-23 09:08:38,333 - Epsilon 0.01 | Avg reward: 0.512 | Epsilon: 0.010
2026-03-23 09:08:38,334 - Win rate (last 500): 0.512
2026-03-23 09:08:38,649 - Epsilon 0.01 | Avg reward: 0.642 | Epsilon: 0.010
2026-03-23 09:08:38,649 - Win rate (last 500): 0.642
2026-03-23 09:08:38,953 - Epsilon 0.01 | Avg reward: 0.658 | Epsilon: 0.010
2026-03-23 09:08:38,954 - Win rate (last 500): 0.658
2026-03-23 09:08:39,267 - Epsilon 0.01 | Avg reward: 0.670 | Epsilon: 0.010
2026-03-23 09:08:39,267 - Win rate (last 500): 0.670
2026-03-23 09:08:39,595 - Epsilon 0.01 | Avg reward: 0.658 | Epsilon: 0.010
2026-03-23 09:08:39,595 - Win rate (last 500): 0.658
2026-03-23 09:08:39,897 - Epsilon 0.01 | Avg reward: 0.656 | Epsilon: 0.010
2026-03-23 09:08:39,897 - Win rate (last 500): 0.656
2026-03-23 09:08:40,218 - Epsilon 0.01 | Avg reward: 0.658 | Epsilon: 0.010
2026-03-23 09:08:40,219 - Win rate (last 500): 0.658
2026-03-23 09:08:40,541 - Epsilon 0.01 | Avg reward: 0.664 | Epsilon: 0.010
2026-03-23 09:08:40,542 - Win rate (last 500): 0.664
2026-03-23 09:08:40,840 - Epsilon 0.01 | Avg reward: 0.680 | Epsilon: 0.010
2026-03-23 09:08:40,841 - Win rate (last 500): 0.680
2026-03-23 09:08:41,167 - Epsilon 0.01 | Avg reward: 0.666 | Epsilon: 0.010
2026-03-23 09:08:41,168 - Win rate (last 500): 0.666
2026-03-23 09:08:41,478 - Epsilon 0.01 | Avg reward: 0.710 | Epsilon: 0.010
2026-03-23 09:08:41,478 - Win rate (last 500): 0.710
2026-03-23 09:08:41,802 - Epsilon 0.01 | Avg reward: 0.730 | Epsilon: 0.010
2026-03-23 09:08:41,802 - Win rate (last 500): 0.730
2026-03-23 09:08:42,113 - Epsilon 0.01 | Avg reward: 0.708 | Epsilon: 0.010
2026-03-23 09:08:42,113 - Win rate (last 500): 0.708
2026-03-23 09:08:42,437 - Epsilon 0.01 | Avg reward: 0.676 | Epsilon: 0.010
2026-03-23 09:08:42,438 - Win rate (last 500): 0.676
2026-03-23 09:08:42,740 - Epsilon 0.01 | Avg reward: 0.658 | Epsilon: 0.010
2026-03-23 09:08:42,740 - Win rate (last 500): 0.658
2026-03-23 09:08:43,058 - Epsilon 0.01 | Avg reward: 0.664 | Epsilon: 0.010
2026-03-23 09:08:43,059 - Win rate (last 500): 0.664
2026-03-23 09:08:43,368 - Epsilon 0.01 | Avg reward: 0.636 | Epsilon: 0.010
2026-03-23 09:08:43,368 - Win rate (last 500): 0.636
2026-03-23 09:08:43,708 - Epsilon 0.01 | Avg reward: 0.672 | Epsilon: 0.010
2026-03-23 09:08:43,708 - Win rate (last 500): 0.672
2026-03-23 09:08:44,025 - Epsilon 0.01 | Avg reward: 0.662 | Epsilon: 0.010
2026-03-23 09:08:44,025 - Win rate (last 500): 0.662
2026-03-23 09:08:44,385 - Epsilon 0.01 | Avg reward: 0.696 | Epsilon: 0.010
2026-03-23 09:08:44,385 - Win rate (last 500): 0.696
2026-03-23 09:08:44,732 - Epsilon 0.01 | Avg reward: 0.682 | Epsilon: 0.010
2026-03-23 09:08:44,733 - Win rate (last 500): 0.682
2026-03-23 09:08:45,049 - Epsilon 0.01 | Avg reward: 0.692 | Epsilon: 0.010
2026-03-23 09:08:45,049 - Win rate (last 500): 0.692
2026-03-23 09:08:45,373 - Epsilon 0.01 | Avg reward: 0.674 | Epsilon: 0.010
2026-03-23 09:08:45,374 - Win rate (last 500): 0.674
2026-03-23 09:08:45,700 - Epsilon 0.01 | Avg reward: 0.650 | Epsilon: 0.010
2026-03-23 09:08:45,701 - Win rate (last 500): 0.650
2026-03-23 09:08:46,019 - Epsilon 0.01 | Avg reward: 0.672 | Epsilon: 0.010
2026-03-23 09:08:46,020 - Win rate (last 500): 0.672
2026-03-23 09:08:46,334 - Epsilon 0.01 | Avg reward: 0.688 | Epsilon: 0.010
2026-03-23 09:08:46,335 - Win rate (last 500): 0.688
2026-03-23 09:08:46,650 - Epsilon 0.01 | Avg reward: 0.656 | Epsilon: 0.010
2026-03-23 09:08:46,650 - Win rate (last 500): 0.656
2026-03-23 09:08:46,973 - Epsilon 0.01 | Avg reward: 0.714 | Epsilon: 0.010
2026-03-23 09:08:46,973 - Win rate (last 500): 0.714
2026-03-23 09:08:47,294 - Epsilon 0.01 | Avg reward: 0.668 | Epsilon: 0.010
2026-03-23 09:08:47,294 - Win rate (last 500): 0.668
2026-03-23 09:08:47,618 - Epsilon 0.01 | Avg reward: 0.676 | Epsilon: 0.010
2026-03-23 09:08:47,619 - Win rate (last 500): 0.676
2026-03-23 09:08:47,931 - Epsilon 0.01 | Avg reward: 0.698 | Epsilon: 0.010
2026-03-23 09:08:47,932 - Win rate (last 500): 0.698
2026-03-23 09:08:48,238 - Epsilon 0.01 | Avg reward: 0.660 | Epsilon: 0.010
2026-03-23 09:08:48,239 - Win rate (last 500): 0.660
2026-03-23 09:08:48,548 - Epsilon 0.01 | Avg reward: 0.666 | Epsilon: 0.010
2026-03-23 09:08:48,548 - Win rate (last 500): 0.666
2026-03-23 09:08:48,851 - Epsilon 0.01 | Avg reward: 0.704 | Epsilon: 0.010
2026-03-23 09:08:48,851 - Win rate (last 500): 0.704
2026-03-23 09:08:49,168 - Epsilon 0.01 | Avg reward: 0.688 | Epsilon: 0.010
2026-03-23 09:08:49,169 - Win rate (last 500): 0.688
2026-03-23 09:08:49,169 - Training wins: 12492/20000
2026-03-23 09:08:49,169 - Best avg reward: 0.730 at episode 8500
2026-03-23 09:08:49,169 - Best episode (avg reward): 8500
2026-03-23 09:08:49,170 - 
============================================================
Q-TABLE SAU KHI HUAN LUYEN
============================================================
State          LEFT         DOWN         RIGHT         UP   Best Action
------------------------------------------------------------
S0        0.5917    0.5113    0.5081    0.5053             LEFT
S1        0.0457    0.1170    0.1141    0.5012             UP
S2        0.4005    0.0753    0.0688    0.1034             LEFT
S3        0.0000    0.1039    0.0000    0.0000             DOWN
S4        0.6147    0.4450    0.2998    0.3769             LEFT
S5        0.0000    0.0000    0.0000    0.0000           [H]
S6        0.3038    0.0329    0.1111    0.0808             LEFT
S7        0.0000    0.0000    0.0000    0.0000           [H]
S8        0.3753    0.3802    0.4634    0.6853             UP
S9        0.4965    0.7510    0.2763    0.4418             DOWN
S10       0.7451    0.4058    0.3111    0.3246             LEFT
S11       0.0000    0.0000    0.0000    0.0000           [H]
S12       0.0000    0.0000    0.0000    0.0000           [H]
S13       0.3429    0.4609    0.8248    0.6098             RIGHT
S14       0.7043    0.9059    0.7185    0.7783             DOWN
S15       0.0000    0.0000    0.0000    0.0000           [G]
============================================================
Chu thich: H=Hole (terminal), G=Goal (terminal)
2026-03-23 09:08:49,171 - Q-table saved: lab2/logs/qtable_20260323_090837.txt
2026-03-23 09:08:49,171 - Best action per state: [0, 3, 0, 1, 0, 0, 0, 0, 3, 1, 0, 0, 0, 2, 1, 0]
2026-03-23 09:08:49,172 - Best action at start state (0): 0
2026-03-23 09:08:50,939 - Learning curve saved: lab2/logs/learning_curve_20260323_090837.png
2026-03-23 09:08:51,409 - Win rate curve saved: lab2/logs/winrate_curve_20260323_090837.png
2026-03-23 09:08:51,453 - Win rate: 0.75
