2026-03-23 08:44:47,208 - ==== FrozenLake Q-Learning Training ====
2026-03-23 08:44:47,220 - Number of states: 16
2026-03-23 08:44:47,220 - Number of actions: 4
2026-03-23 08:44:47,221 - Initialize Q-table: 
2026-03-23 08:44:47,221 - [[0. 0. 0. 0.]
 [0. 0. 0. 0.]
 [0. 0. 0. 0.]
 [0. 0. 0. 0.]
 [0. 0. 0. 0.]
 [0. 0. 0. 0.]
 [0. 0. 0. 0.]
 [0. 0. 0. 0.]
 [0. 0. 0. 0.]
 [0. 0. 0. 0.]
 [0. 0. 0. 0.]
 [0. 0. 0. 0.]
 [0. 0. 0. 0.]
 [0. 0. 0. 0.]
 [0. 0. 0. 0.]
 [0. 0. 0. 0.]]
2026-03-23 08:44:47,296 - Epsilon 0.6063789448611848 | Avg reward: 0.038 | Epsilon: 0.606
2026-03-23 08:44:47,297 - Win rate (last 500): 0.038
2026-03-23 08:44:47,382 - Epsilon 0.3676954247709635 | Avg reward: 0.046 | Epsilon: 0.368
2026-03-23 08:44:47,382 - Win rate (last 500): 0.046
2026-03-23 08:44:47,491 - Epsilon 0.22296276370290227 | Avg reward: 0.050 | Epsilon: 0.223
2026-03-23 08:44:47,491 - Win rate (last 500): 0.050
2026-03-23 08:44:47,619 - Epsilon 0.1351999253974994 | Avg reward: 0.094 | Epsilon: 0.135
2026-03-23 08:44:47,619 - Win rate (last 500): 0.094
2026-03-23 08:44:47,792 - Epsilon 0.08198238810784661 | Avg reward: 0.140 | Epsilon: 0.082
2026-03-23 08:44:47,792 - Win rate (last 500): 0.140
2026-03-23 08:44:48,009 - Epsilon 0.05 | Avg reward: 0.230 | Epsilon: 0.050
2026-03-23 08:44:48,010 - Win rate (last 500): 0.230
2026-03-23 08:44:48,219 - Epsilon 0.05 | Avg reward: 0.274 | Epsilon: 0.050
2026-03-23 08:44:48,219 - Win rate (last 500): 0.274
2026-03-23 08:44:48,433 - Epsilon 0.05 | Avg reward: 0.268 | Epsilon: 0.050
2026-03-23 08:44:48,433 - Win rate (last 500): 0.268
2026-03-23 08:44:48,699 - Epsilon 0.05 | Avg reward: 0.264 | Epsilon: 0.050
2026-03-23 08:44:48,699 - Win rate (last 500): 0.264
2026-03-23 08:44:48,934 - Epsilon 0.05 | Avg reward: 0.316 | Epsilon: 0.050
2026-03-23 08:44:48,934 - Win rate (last 500): 0.316
2026-03-23 08:44:49,155 - Epsilon 0.05 | Avg reward: 0.300 | Epsilon: 0.050
2026-03-23 08:44:49,156 - Win rate (last 500): 0.300
2026-03-23 08:44:49,390 - Epsilon 0.05 | Avg reward: 0.286 | Epsilon: 0.050
2026-03-23 08:44:49,390 - Win rate (last 500): 0.286
2026-03-23 08:44:49,619 - Epsilon 0.05 | Avg reward: 0.240 | Epsilon: 0.050
2026-03-23 08:44:49,619 - Win rate (last 500): 0.240
2026-03-23 08:44:49,848 - Epsilon 0.05 | Avg reward: 0.274 | Epsilon: 0.050
2026-03-23 08:44:49,848 - Win rate (last 500): 0.274
2026-03-23 08:44:50,088 - Epsilon 0.05 | Avg reward: 0.266 | Epsilon: 0.050
2026-03-23 08:44:50,088 - Win rate (last 500): 0.266
2026-03-23 08:44:50,299 - Epsilon 0.05 | Avg reward: 0.302 | Epsilon: 0.050
2026-03-23 08:44:50,300 - Win rate (last 500): 0.302
2026-03-23 08:44:50,528 - Epsilon 0.05 | Avg reward: 0.296 | Epsilon: 0.050
2026-03-23 08:44:50,529 - Win rate (last 500): 0.296
2026-03-23 08:44:50,749 - Epsilon 0.05 | Avg reward: 0.256 | Epsilon: 0.050
2026-03-23 08:44:50,750 - Win rate (last 500): 0.256
2026-03-23 08:44:50,971 - Epsilon 0.05 | Avg reward: 0.244 | Epsilon: 0.050
2026-03-23 08:44:50,972 - Win rate (last 500): 0.244
2026-03-23 08:44:51,191 - Epsilon 0.05 | Avg reward: 0.292 | Epsilon: 0.050
2026-03-23 08:44:51,191 - Win rate (last 500): 0.292
2026-03-23 08:44:51,437 - Epsilon 0.05 | Avg reward: 0.270 | Epsilon: 0.050
2026-03-23 08:44:51,437 - Win rate (last 500): 0.270
2026-03-23 08:44:51,650 - Epsilon 0.05 | Avg reward: 0.258 | Epsilon: 0.050
2026-03-23 08:44:51,651 - Win rate (last 500): 0.258
2026-03-23 08:44:51,872 - Epsilon 0.05 | Avg reward: 0.268 | Epsilon: 0.050
2026-03-23 08:44:51,872 - Win rate (last 500): 0.268
2026-03-23 08:44:52,089 - Epsilon 0.05 | Avg reward: 0.246 | Epsilon: 0.050
2026-03-23 08:44:52,090 - Win rate (last 500): 0.246
2026-03-23 08:44:52,314 - Epsilon 0.05 | Avg reward: 0.286 | Epsilon: 0.050
2026-03-23 08:44:52,314 - Win rate (last 500): 0.286
2026-03-23 08:44:52,535 - Epsilon 0.05 | Avg reward: 0.254 | Epsilon: 0.050
2026-03-23 08:44:52,535 - Win rate (last 500): 0.254
2026-03-23 08:44:52,757 - Epsilon 0.05 | Avg reward: 0.286 | Epsilon: 0.050
2026-03-23 08:44:52,757 - Win rate (last 500): 0.286
2026-03-23 08:44:52,985 - Epsilon 0.05 | Avg reward: 0.264 | Epsilon: 0.050
2026-03-23 08:44:52,985 - Win rate (last 500): 0.264
2026-03-23 08:44:53,226 - Epsilon 0.05 | Avg reward: 0.292 | Epsilon: 0.050
2026-03-23 08:44:53,226 - Win rate (last 500): 0.292
2026-03-23 08:44:53,450 - Epsilon 0.05 | Avg reward: 0.268 | Epsilon: 0.050
2026-03-23 08:44:53,450 - Win rate (last 500): 0.268
2026-03-23 08:44:53,672 - Epsilon 0.05 | Avg reward: 0.250 | Epsilon: 0.050
2026-03-23 08:44:53,672 - Win rate (last 500): 0.250
2026-03-23 08:44:53,891 - Epsilon 0.05 | Avg reward: 0.274 | Epsilon: 0.050
2026-03-23 08:44:53,891 - Win rate (last 500): 0.274
2026-03-23 08:44:54,103 - Epsilon 0.05 | Avg reward: 0.268 | Epsilon: 0.050
2026-03-23 08:44:54,103 - Win rate (last 500): 0.268
2026-03-23 08:44:54,321 - Epsilon 0.05 | Avg reward: 0.244 | Epsilon: 0.050
2026-03-23 08:44:54,321 - Win rate (last 500): 0.244
2026-03-23 08:44:54,539 - Epsilon 0.05 | Avg reward: 0.276 | Epsilon: 0.050
2026-03-23 08:44:54,539 - Win rate (last 500): 0.276
2026-03-23 08:44:54,765 - Epsilon 0.05 | Avg reward: 0.278 | Epsilon: 0.050
2026-03-23 08:44:54,766 - Win rate (last 500): 0.278
2026-03-23 08:44:54,996 - Epsilon 0.05 | Avg reward: 0.292 | Epsilon: 0.050
2026-03-23 08:44:54,996 - Win rate (last 500): 0.292
2026-03-23 08:44:55,208 - Epsilon 0.05 | Avg reward: 0.300 | Epsilon: 0.050
2026-03-23 08:44:55,209 - Win rate (last 500): 0.300
2026-03-23 08:44:55,421 - Epsilon 0.05 | Avg reward: 0.308 | Epsilon: 0.050
2026-03-23 08:44:55,421 - Win rate (last 500): 0.308
2026-03-23 08:44:55,644 - Epsilon 0.05 | Avg reward: 0.232 | Epsilon: 0.050
2026-03-23 08:44:55,644 - Win rate (last 500): 0.232
2026-03-23 08:44:55,644 - Training wins: 4945/20000
2026-03-23 08:44:55,645 - Best avg reward: 0.316 at episode 5000
2026-03-23 08:44:55,645 - Best episode (avg reward): 5000
2026-03-23 08:44:55,646 - Q-table after training:
[[2.022e-01 1.330e-01 7.706e-02 4.881e-02]
 [1.336e-02 4.359e-03 9.685e-03 5.937e-02]
 [1.599e-02 7.969e-03 8.185e-03 2.153e-02]
 [3.851e-03 7.590e-03 3.802e-03 1.853e-02]
 [3.803e-01 3.184e-02 1.921e-01 5.243e-02]
 [0.000e+00 0.000e+00 0.000e+00 0.000e+00]
 [2.373e-01 2.284e-03 2.043e-04 4.284e-06]
 [0.000e+00 0.000e+00 0.000e+00 0.000e+00]
 [3.643e-04 2.298e-02 1.380e-03 7.296e-01]
 [6.320e-02 6.526e-01 9.931e-03 1.278e-01]
 [7.597e-01 1.196e-03 1.499e-01 7.619e-02]
 [0.000e+00 0.000e+00 0.000e+00 0.000e+00]
 [0.000e+00 0.000e+00 0.000e+00 0.000e+00]
 [9.265e-02 7.528e-02 6.454e-01 3.678e-02]
 [5.669e-01 9.196e-01 2.102e-01 5.098e-01]
 [0.000e+00 0.000e+00 0.000e+00 0.000e+00]]
2026-03-23 08:44:55,647 - Q-table saved: lab2/logs/qtable_20260323_084447.txt
2026-03-23 08:44:55,648 - Best action per state: [0, 3, 3, 3, 0, 0, 0, 0, 3, 1, 0, 0, 0, 2, 1, 0]
2026-03-23 08:44:55,648 - Best action at start state (0): 0
2026-03-23 08:44:55,649 - Q-table sum: 7.183295 | Equals 1? False
2026-03-23 08:44:55,946 - Learning curve saved: lab2/logs/learning_curve_20260323_084447.png
2026-03-23 08:44:56,128 - Win rate curve saved: lab2/logs/winrate_curve_20260323_084447.png
2026-03-23 08:44:56,173 - Win rate: 0.72
