2026-04-12 20:07:13,048 - ==== FrozenLake Q-Learning Training ====
2026-04-12 20:07:13,059 - Number of states: 16
2026-04-12 20:07:13,059 - Number of actions: 4
2026-04-12 20:07:13,059 - Initialize Q-table: 
2026-04-12 20:07:13,059 - [[0. 0. 0. 0.]
 [0. 0. 0. 0.]
 [0. 0. 0. 0.]
 [0. 0. 0. 0.]
 [0. 0. 0. 0.]
 [0. 0. 0. 0.]
 [0. 0. 0. 0.]
 [0. 0. 0. 0.]
 [0. 0. 0. 0.]
 [0. 0. 0. 0.]
 [0. 0. 0. 0.]
 [0. 0. 0. 0.]
 [0. 0. 0. 0.]
 [0. 0. 0. 0.]
 [0. 0. 0. 0.]
 [0. 0. 0. 0.]]
2026-04-12 20:07:13,121 - Epsilon 0.08157186144027828 | Avg reward: 0.004 | Epsilon: 0.082
2026-04-12 20:07:13,121 - Win rate (last 500): 0.020
2026-04-12 20:07:13,170 - Epsilon 0.01 | Avg reward: 0.003 | Epsilon: 0.010
2026-04-12 20:07:13,170 - Win rate (last 500): 0.012
2026-04-12 20:07:13,223 - Epsilon 0.01 | Avg reward: 0.009 | Epsilon: 0.010
2026-04-12 20:07:13,223 - Win rate (last 500): 0.020
2026-04-12 20:07:13,275 - Epsilon 0.01 | Avg reward: 0.020 | Epsilon: 0.010
2026-04-12 20:07:13,276 - Win rate (last 500): 0.032
2026-04-12 20:07:13,325 - Epsilon 0.01 | Avg reward: 0.016 | Epsilon: 0.010
2026-04-12 20:07:13,325 - Win rate (last 500): 0.026
2026-04-12 20:07:13,376 - Epsilon 0.01 | Avg reward: 0.007 | Epsilon: 0.010
2026-04-12 20:07:13,376 - Win rate (last 500): 0.020
2026-04-12 20:07:13,429 - Epsilon 0.01 | Avg reward: 0.017 | Epsilon: 0.010
2026-04-12 20:07:13,430 - Win rate (last 500): 0.028
2026-04-12 20:07:13,479 - Epsilon 0.01 | Avg reward: 0.010 | Epsilon: 0.010
2026-04-12 20:07:13,479 - Win rate (last 500): 0.022
2026-04-12 20:07:13,534 - Epsilon 0.01 | Avg reward: 0.041 | Epsilon: 0.010
2026-04-12 20:07:13,534 - Win rate (last 500): 0.052
2026-04-12 20:07:13,590 - Epsilon 0.01 | Avg reward: 0.038 | Epsilon: 0.010
2026-04-12 20:07:13,590 - Win rate (last 500): 0.050
2026-04-12 20:07:13,650 - Epsilon 0.01 | Avg reward: 0.041 | Epsilon: 0.010
2026-04-12 20:07:13,650 - Win rate (last 500): 0.054
2026-04-12 20:07:13,705 - Epsilon 0.01 | Avg reward: 0.049 | Epsilon: 0.010
2026-04-12 20:07:13,705 - Win rate (last 500): 0.060
2026-04-12 20:07:13,773 - Epsilon 0.01 | Avg reward: 0.061 | Epsilon: 0.010
2026-04-12 20:07:13,774 - Win rate (last 500): 0.074
2026-04-12 20:07:13,890 - Epsilon 0.01 | Avg reward: 0.096 | Epsilon: 0.010
2026-04-12 20:07:13,890 - Win rate (last 500): 0.132
2026-04-12 20:07:14,025 - Epsilon 0.01 | Avg reward: 0.135 | Epsilon: 0.010
2026-04-12 20:07:14,025 - Win rate (last 500): 0.178
2026-04-12 20:07:14,161 - Epsilon 0.01 | Avg reward: 0.133 | Epsilon: 0.010
2026-04-12 20:07:14,161 - Win rate (last 500): 0.182
2026-04-12 20:07:14,352 - Epsilon 0.01 | Avg reward: 0.177 | Epsilon: 0.010
2026-04-12 20:07:14,352 - Win rate (last 500): 0.252
2026-04-12 20:07:14,569 - Epsilon 0.01 | Avg reward: 0.331 | Epsilon: 0.010
2026-04-12 20:07:14,569 - Win rate (last 500): 0.406
2026-04-12 20:07:14,819 - Epsilon 0.01 | Avg reward: 0.350 | Epsilon: 0.010
2026-04-12 20:07:14,820 - Win rate (last 500): 0.436
2026-04-12 20:07:15,147 - Epsilon 0.01 | Avg reward: 0.499 | Epsilon: 0.010
2026-04-12 20:07:15,147 - Win rate (last 500): 0.650
2026-04-12 20:07:15,458 - Epsilon 0.01 | Avg reward: 0.539 | Epsilon: 0.010
2026-04-12 20:07:15,458 - Win rate (last 500): 0.688
2026-04-12 20:07:15,782 - Epsilon 0.01 | Avg reward: 0.528 | Epsilon: 0.010
2026-04-12 20:07:15,782 - Win rate (last 500): 0.682
2026-04-12 20:07:16,070 - Epsilon 0.01 | Avg reward: 0.530 | Epsilon: 0.010
2026-04-12 20:07:16,070 - Win rate (last 500): 0.668
2026-04-12 20:07:16,392 - Epsilon 0.01 | Avg reward: 0.542 | Epsilon: 0.010
2026-04-12 20:07:16,392 - Win rate (last 500): 0.700
2026-04-12 20:07:16,702 - Epsilon 0.01 | Avg reward: 0.533 | Epsilon: 0.010
2026-04-12 20:07:16,702 - Win rate (last 500): 0.684
2026-04-12 20:07:17,018 - Epsilon 0.01 | Avg reward: 0.585 | Epsilon: 0.010
2026-04-12 20:07:17,018 - Win rate (last 500): 0.738
2026-04-12 20:07:17,338 - Epsilon 0.01 | Avg reward: 0.470 | Epsilon: 0.010
2026-04-12 20:07:17,338 - Win rate (last 500): 0.628
2026-04-12 20:07:17,642 - Epsilon 0.01 | Avg reward: 0.490 | Epsilon: 0.010
2026-04-12 20:07:17,642 - Win rate (last 500): 0.638
2026-04-12 20:07:17,938 - Epsilon 0.01 | Avg reward: 0.499 | Epsilon: 0.010
2026-04-12 20:07:17,939 - Win rate (last 500): 0.640
2026-04-12 20:07:18,240 - Epsilon 0.01 | Avg reward: 0.497 | Epsilon: 0.010
2026-04-12 20:07:18,240 - Win rate (last 500): 0.642
2026-04-12 20:07:18,536 - Epsilon 0.01 | Avg reward: 0.506 | Epsilon: 0.010
2026-04-12 20:07:18,537 - Win rate (last 500): 0.654
2026-04-12 20:07:18,852 - Epsilon 0.01 | Avg reward: 0.523 | Epsilon: 0.010
2026-04-12 20:07:18,853 - Win rate (last 500): 0.678
2026-04-12 20:07:19,160 - Epsilon 0.01 | Avg reward: 0.502 | Epsilon: 0.010
2026-04-12 20:07:19,160 - Win rate (last 500): 0.650
2026-04-12 20:07:19,469 - Epsilon 0.01 | Avg reward: 0.496 | Epsilon: 0.010
2026-04-12 20:07:19,469 - Win rate (last 500): 0.646
2026-04-12 20:07:19,777 - Epsilon 0.01 | Avg reward: 0.489 | Epsilon: 0.010
2026-04-12 20:07:19,777 - Win rate (last 500): 0.640
2026-04-12 20:07:20,092 - Epsilon 0.01 | Avg reward: 0.510 | Epsilon: 0.010
2026-04-12 20:07:20,092 - Win rate (last 500): 0.664
2026-04-12 20:07:20,400 - Epsilon 0.01 | Avg reward: 0.534 | Epsilon: 0.010
2026-04-12 20:07:20,400 - Win rate (last 500): 0.682
2026-04-12 20:07:20,727 - Epsilon 0.01 | Avg reward: 0.523 | Epsilon: 0.010
2026-04-12 20:07:20,727 - Win rate (last 500): 0.684
2026-04-12 20:07:21,026 - Epsilon 0.01 | Avg reward: 0.542 | Epsilon: 0.010
2026-04-12 20:07:21,026 - Win rate (last 500): 0.686
2026-04-12 20:07:21,337 - Epsilon 0.01 | Avg reward: 0.487 | Epsilon: 0.010
2026-04-12 20:07:21,337 - Win rate (last 500): 0.640
2026-04-12 20:07:21,338 - Training wins: 8019/20000
2026-04-12 20:07:21,338 - Best avg reward: 0.585 at episode 13000
2026-04-12 20:07:21,338 - Best episode (avg reward): 13000
2026-04-12 20:07:21,338 - 
============================================================
Q-TABLE SAU KHI HUAN LUYEN
============================================================
State          LEFT         DOWN         RIGHT         UP   Best Action
------------------------------------------------------------
S0        0.4287    0.4065    0.4078    0.3929             LEFT
S1        0.1841    0.1773    0.1369    0.3906             UP
S2        0.3604    0.1779    0.1619    0.2077             LEFT
S3       -0.0070    0.1030   -0.0074   -0.0063             DOWN
S4        0.4581    0.3639    0.3570    0.3087             LEFT
S5        0.0000    0.0000    0.0000    0.0000           [H]
S6        0.1374    0.1378    0.3333    0.0754             RIGHT
S7        0.0000    0.0000    0.0000    0.0000           [H]
S8        0.3341    0.4296    0.4181    0.5314             UP
S9        0.2814    0.6441    0.3641    0.4618             DOWN
S10       0.6793    0.4187    0.2520    0.2784             LEFT
S11       0.0000    0.0000    0.0000    0.0000           [H]
S12       0.0000    0.0000    0.0000    0.0000           [H]
S13       0.4254    0.5327    0.7670    0.4431             RIGHT
S14       0.5191    0.8609    0.6971    0.6485             DOWN
S15       0.0000    0.0000    0.0000    0.0000           [G]
============================================================
Chu thich: H=Hole (terminal), G=Goal (terminal)
2026-04-12 20:07:21,339 - Q-table saved: lab2/logs/qtable_20260412_200713.txt
2026-04-12 20:07:21,339 - Best action per state: [0, 3, 0, 1, 0, 0, 2, 0, 3, 1, 0, 0, 0, 2, 1, 0]
2026-04-12 20:07:21,339 - Best action at start state (0): 0
2026-04-12 20:07:23,426 - Learning curve saved: lab2/logs/learning_curve_20260412_200713.png
2026-04-12 20:07:23,798 - Win rate curve saved: lab2/logs/winrate_curve_20260412_200713.png
2026-04-12 20:07:23,838 - Win rate: 0.72
