2026-03-23 08:51:59,304 - ==== FrozenLake Q-Learning Training ====
2026-03-23 08:51:59,311 - Number of states: 16
2026-03-23 08:51:59,312 - Number of actions: 4
2026-03-23 08:51:59,312 - Initialize Q-table: 
2026-03-23 08:51:59,312 - [[0. 0. 0. 0.]
 [0. 0. 0. 0.]
 [0. 0. 0. 0.]
 [0. 0. 0. 0.]
 [0. 0. 0. 0.]
 [0. 0. 0. 0.]
 [0. 0. 0. 0.]
 [0. 0. 0. 0.]
 [0. 0. 0. 0.]
 [0. 0. 0. 0.]
 [0. 0. 0. 0.]
 [0. 0. 0. 0.]
 [0. 0. 0. 0.]
 [0. 0. 0. 0.]
 [0. 0. 0. 0.]
 [0. 0. 0. 0.]]
2026-03-23 08:51:59,419 - Epsilon 0.7787520933134615 | Avg reward: 0.032 | Epsilon: 0.779
2026-03-23 08:51:59,419 - Win rate (last 500): 0.032
2026-03-23 08:51:59,534 - Epsilon 0.606454822840097 | Avg reward: 0.044 | Epsilon: 0.606
2026-03-23 08:51:59,534 - Win rate (last 500): 0.044
2026-03-23 08:51:59,661 - Epsilon 0.4722779627867691 | Avg reward: 0.054 | Epsilon: 0.472
2026-03-23 08:51:59,661 - Win rate (last 500): 0.054
2026-03-23 08:51:59,799 - Epsilon 0.3677874521460121 | Avg reward: 0.092 | Epsilon: 0.368
2026-03-23 08:51:59,799 - Win rate (last 500): 0.092
2026-03-23 08:51:59,939 - Epsilon 0.28641524825313086 | Avg reward: 0.134 | Epsilon: 0.286
2026-03-23 08:51:59,939 - Win rate (last 500): 0.134
2026-03-23 08:52:00,111 - Epsilon 0.22304647413401948 | Avg reward: 0.184 | Epsilon: 0.223
2026-03-23 08:52:00,111 - Win rate (last 500): 0.184
2026-03-23 08:52:00,319 - Epsilon 0.17369790863805412 | Avg reward: 0.186 | Epsilon: 0.174
2026-03-23 08:52:00,320 - Win rate (last 500): 0.186
2026-03-23 08:52:00,511 - Epsilon 0.13526760995605422 | Avg reward: 0.222 | Epsilon: 0.135
2026-03-23 08:52:00,511 - Win rate (last 500): 0.222
2026-03-23 08:52:00,740 - Epsilon 0.10533993441078586 | Avg reward: 0.320 | Epsilon: 0.105
2026-03-23 08:52:00,740 - Win rate (last 500): 0.320
2026-03-23 08:52:00,969 - Epsilon 0.0820336944319021 | Avg reward: 0.272 | Epsilon: 0.082
2026-03-23 08:52:00,970 - Win rate (last 500): 0.272
2026-03-23 08:52:01,227 - Epsilon 0.06388391126108031 | Avg reward: 0.392 | Epsilon: 0.064
2026-03-23 08:52:01,227 - Win rate (last 500): 0.392
2026-03-23 08:52:01,499 - Epsilon 0.04974972962361759 | Avg reward: 0.330 | Epsilon: 0.050
2026-03-23 08:52:01,499 - Win rate (last 500): 0.330
2026-03-23 08:52:01,757 - Epsilon 0.03874270608617077 | Avg reward: 0.422 | Epsilon: 0.039
2026-03-23 08:52:01,757 - Win rate (last 500): 0.422
2026-03-23 08:52:02,027 - Epsilon 0.03017096346523357 | Avg reward: 0.468 | Epsilon: 0.030
2026-03-23 08:52:02,027 - Win rate (last 500): 0.468
2026-03-23 08:52:02,304 - Epsilon 0.02349570095583451 | Avg reward: 0.524 | Epsilon: 0.023
2026-03-23 08:52:02,304 - Win rate (last 500): 0.524
2026-03-23 08:52:02,601 - Epsilon 0.018297326303223154 | Avg reward: 0.518 | Epsilon: 0.018
2026-03-23 08:52:02,602 - Win rate (last 500): 0.518
2026-03-23 08:52:02,908 - Epsilon 0.014249081160674432 | Avg reward: 0.532 | Epsilon: 0.014
2026-03-23 08:52:02,909 - Win rate (last 500): 0.532
2026-03-23 08:52:03,223 - Epsilon 0.011096501781668586 | Avg reward: 0.638 | Epsilon: 0.011
2026-03-23 08:52:03,224 - Win rate (last 500): 0.638
2026-03-23 08:52:03,512 - Epsilon 0.01 | Avg reward: 0.570 | Epsilon: 0.010
2026-03-23 08:52:03,512 - Win rate (last 500): 0.570
2026-03-23 08:52:03,796 - Epsilon 0.01 | Avg reward: 0.582 | Epsilon: 0.010
2026-03-23 08:52:03,796 - Win rate (last 500): 0.582
2026-03-23 08:52:04,116 - Epsilon 0.01 | Avg reward: 0.614 | Epsilon: 0.010
2026-03-23 08:52:04,117 - Win rate (last 500): 0.614
2026-03-23 08:52:04,451 - Epsilon 0.01 | Avg reward: 0.596 | Epsilon: 0.010
2026-03-23 08:52:04,451 - Win rate (last 500): 0.596
2026-03-23 08:52:04,809 - Epsilon 0.01 | Avg reward: 0.544 | Epsilon: 0.010
2026-03-23 08:52:04,810 - Win rate (last 500): 0.544
2026-03-23 08:52:05,081 - Epsilon 0.01 | Avg reward: 0.506 | Epsilon: 0.010
2026-03-23 08:52:05,081 - Win rate (last 500): 0.506
2026-03-23 08:52:05,383 - Epsilon 0.01 | Avg reward: 0.612 | Epsilon: 0.010
2026-03-23 08:52:05,384 - Win rate (last 500): 0.612
2026-03-23 08:52:05,679 - Epsilon 0.01 | Avg reward: 0.564 | Epsilon: 0.010
2026-03-23 08:52:05,679 - Win rate (last 500): 0.564
2026-03-23 08:52:05,974 - Epsilon 0.01 | Avg reward: 0.582 | Epsilon: 0.010
2026-03-23 08:52:05,975 - Win rate (last 500): 0.582
2026-03-23 08:52:06,272 - Epsilon 0.01 | Avg reward: 0.612 | Epsilon: 0.010
2026-03-23 08:52:06,272 - Win rate (last 500): 0.612
2026-03-23 08:52:06,579 - Epsilon 0.01 | Avg reward: 0.586 | Epsilon: 0.010
2026-03-23 08:52:06,579 - Win rate (last 500): 0.586
2026-03-23 08:52:06,854 - Epsilon 0.01 | Avg reward: 0.522 | Epsilon: 0.010
2026-03-23 08:52:06,854 - Win rate (last 500): 0.522
2026-03-23 08:52:07,134 - Epsilon 0.01 | Avg reward: 0.558 | Epsilon: 0.010
2026-03-23 08:52:07,135 - Win rate (last 500): 0.558
2026-03-23 08:52:07,425 - Epsilon 0.01 | Avg reward: 0.598 | Epsilon: 0.010
2026-03-23 08:52:07,426 - Win rate (last 500): 0.598
2026-03-23 08:52:07,739 - Epsilon 0.01 | Avg reward: 0.674 | Epsilon: 0.010
2026-03-23 08:52:07,739 - Win rate (last 500): 0.674
2026-03-23 08:52:07,999 - Epsilon 0.01 | Avg reward: 0.582 | Epsilon: 0.010
2026-03-23 08:52:08,000 - Win rate (last 500): 0.582
2026-03-23 08:52:08,283 - Epsilon 0.01 | Avg reward: 0.570 | Epsilon: 0.010
2026-03-23 08:52:08,283 - Win rate (last 500): 0.570
2026-03-23 08:52:08,598 - Epsilon 0.01 | Avg reward: 0.644 | Epsilon: 0.010
2026-03-23 08:52:08,598 - Win rate (last 500): 0.644
2026-03-23 08:52:08,907 - Epsilon 0.01 | Avg reward: 0.598 | Epsilon: 0.010
2026-03-23 08:52:08,907 - Win rate (last 500): 0.598
2026-03-23 08:52:09,209 - Epsilon 0.01 | Avg reward: 0.606 | Epsilon: 0.010
2026-03-23 08:52:09,210 - Win rate (last 500): 0.606
2026-03-23 08:52:09,523 - Epsilon 0.01 | Avg reward: 0.538 | Epsilon: 0.010
2026-03-23 08:52:09,524 - Win rate (last 500): 0.538
2026-03-23 08:52:09,825 - Epsilon 0.01 | Avg reward: 0.568 | Epsilon: 0.010
2026-03-23 08:52:09,825 - Win rate (last 500): 0.568
2026-03-23 08:52:09,826 - Training wins: 9095/20000
2026-03-23 08:52:09,826 - Best avg reward: 0.674 at episode 16500
2026-03-23 08:52:09,826 - Best episode (avg reward): 16500
2026-03-23 08:52:09,827 - Q-table after training:
[[0.183 0.156 0.154 0.161]
 [0.059 0.052 0.077 0.156]
 [0.169 0.093 0.071 0.102]
 [0.048 0.045 0.045 0.097]
 [0.207 0.133 0.158 0.136]
 [0.000 0.000 0.000 0.000]
 [0.034 0.024 0.256 0.042]
 [0.000 0.000 0.000 0.000]
 [0.162 0.175 0.197 0.297]
 [0.100 0.421 0.268 0.204]
 [0.595 0.272 0.114 0.141]
 [0.000 0.000 0.000 0.000]
 [0.000 0.000 0.000 0.000]
 [0.389 0.332 0.454 0.396]
 [0.418 0.795 0.525 0.489]
 [0.000 0.000 0.000 0.000]]
2026-03-23 08:52:09,828 - Q-table saved: lab2/logs/qtable_20260323_085159.txt
2026-03-23 08:52:09,828 - Best action per state: [0, 3, 0, 3, 0, 0, 2, 0, 3, 1, 0, 0, 0, 2, 1, 0]
2026-03-23 08:52:09,829 - Best action at start state (0): 0
