2026-03-22 19:43:39,682 - ==== FrozenLake Q-Learning Training ====
2026-03-22 19:43:39,692 - Number of states: 16
2026-03-22 19:43:39,692 - Number of actions: 4
2026-03-22 19:43:39,692 - Initialize Q-table: 
2026-03-22 19:43:39,692 - [[0. 0. 0. 0.]
 [0. 0. 0. 0.]
 [0. 0. 0. 0.]
 [0. 0. 0. 0.]
 [0. 0. 0. 0.]
 [0. 0. 0. 0.]
 [0. 0. 0. 0.]
 [0. 0. 0. 0.]
 [0. 0. 0. 0.]
 [0. 0. 0. 0.]
 [0. 0. 0. 0.]
 [0. 0. 0. 0.]
 [0. 0. 0. 0.]
 [0. 0. 0. 0.]
 [0. 0. 0. 0.]
 [0. 0. 0. 0.]]
2026-03-22 19:43:39,758 - Epsilon 0.6063789448611848 | Avg reward: 0.022 | Epsilon: 0.606
2026-03-22 19:43:39,758 - Win rate (last 500): 0.022
2026-03-22 19:43:39,842 - Epsilon 0.3676954247709635 | Avg reward: 0.032 | Epsilon: 0.368
2026-03-22 19:43:39,842 - Win rate (last 500): 0.032
2026-03-22 19:43:39,945 - Epsilon 0.22296276370290227 | Avg reward: 0.056 | Epsilon: 0.223
2026-03-22 19:43:39,945 - Win rate (last 500): 0.056
2026-03-22 19:43:40,075 - Epsilon 0.1351999253974994 | Avg reward: 0.092 | Epsilon: 0.135
2026-03-22 19:43:40,076 - Win rate (last 500): 0.092
2026-03-22 19:43:40,230 - Epsilon 0.08198238810784661 | Avg reward: 0.206 | Epsilon: 0.082
2026-03-22 19:43:40,230 - Win rate (last 500): 0.206
2026-03-22 19:43:40,417 - Epsilon 0.05 | Avg reward: 0.238 | Epsilon: 0.050
2026-03-22 19:43:40,417 - Win rate (last 500): 0.238
2026-03-22 19:43:40,618 - Epsilon 0.05 | Avg reward: 0.256 | Epsilon: 0.050
2026-03-22 19:43:40,619 - Win rate (last 500): 0.256
2026-03-22 19:43:40,824 - Epsilon 0.05 | Avg reward: 0.276 | Epsilon: 0.050
2026-03-22 19:43:40,825 - Win rate (last 500): 0.276
2026-03-22 19:43:41,034 - Epsilon 0.05 | Avg reward: 0.274 | Epsilon: 0.050
2026-03-22 19:43:41,034 - Win rate (last 500): 0.274
2026-03-22 19:43:41,228 - Epsilon 0.05 | Avg reward: 0.230 | Epsilon: 0.050
2026-03-22 19:43:41,229 - Win rate (last 500): 0.230
2026-03-22 19:43:41,430 - Epsilon 0.05 | Avg reward: 0.264 | Epsilon: 0.050
2026-03-22 19:43:41,430 - Win rate (last 500): 0.264
2026-03-22 19:43:41,650 - Epsilon 0.05 | Avg reward: 0.274 | Epsilon: 0.050
2026-03-22 19:43:41,651 - Win rate (last 500): 0.274
2026-03-22 19:43:41,843 - Epsilon 0.05 | Avg reward: 0.246 | Epsilon: 0.050
2026-03-22 19:43:41,844 - Win rate (last 500): 0.246
2026-03-22 19:43:42,035 - Epsilon 0.05 | Avg reward: 0.250 | Epsilon: 0.050
2026-03-22 19:43:42,036 - Win rate (last 500): 0.250
2026-03-22 19:43:42,241 - Epsilon 0.05 | Avg reward: 0.284 | Epsilon: 0.050
2026-03-22 19:43:42,241 - Win rate (last 500): 0.284
2026-03-22 19:43:42,443 - Epsilon 0.05 | Avg reward: 0.224 | Epsilon: 0.050
2026-03-22 19:43:42,443 - Win rate (last 500): 0.224
2026-03-22 19:43:42,665 - Epsilon 0.05 | Avg reward: 0.294 | Epsilon: 0.050
2026-03-22 19:43:42,665 - Win rate (last 500): 0.294
2026-03-22 19:43:42,882 - Epsilon 0.05 | Avg reward: 0.262 | Epsilon: 0.050
2026-03-22 19:43:42,882 - Win rate (last 500): 0.262
2026-03-22 19:43:43,091 - Epsilon 0.05 | Avg reward: 0.266 | Epsilon: 0.050
2026-03-22 19:43:43,091 - Win rate (last 500): 0.266
2026-03-22 19:43:43,293 - Epsilon 0.05 | Avg reward: 0.284 | Epsilon: 0.050
2026-03-22 19:43:43,293 - Win rate (last 500): 0.284
2026-03-22 19:43:43,494 - Epsilon 0.05 | Avg reward: 0.276 | Epsilon: 0.050
2026-03-22 19:43:43,495 - Win rate (last 500): 0.276
2026-03-22 19:43:43,709 - Epsilon 0.05 | Avg reward: 0.250 | Epsilon: 0.050
2026-03-22 19:43:43,709 - Win rate (last 500): 0.250
2026-03-22 19:43:43,908 - Epsilon 0.05 | Avg reward: 0.234 | Epsilon: 0.050
2026-03-22 19:43:43,908 - Win rate (last 500): 0.234
2026-03-22 19:43:44,102 - Epsilon 0.05 | Avg reward: 0.274 | Epsilon: 0.050
2026-03-22 19:43:44,102 - Win rate (last 500): 0.274
2026-03-22 19:43:44,294 - Epsilon 0.05 | Avg reward: 0.310 | Epsilon: 0.050
2026-03-22 19:43:44,294 - Win rate (last 500): 0.310
2026-03-22 19:43:44,512 - Epsilon 0.05 | Avg reward: 0.268 | Epsilon: 0.050
2026-03-22 19:43:44,512 - Win rate (last 500): 0.268
2026-03-22 19:43:44,721 - Epsilon 0.05 | Avg reward: 0.258 | Epsilon: 0.050
2026-03-22 19:43:44,722 - Win rate (last 500): 0.258
2026-03-22 19:43:44,940 - Epsilon 0.05 | Avg reward: 0.204 | Epsilon: 0.050
2026-03-22 19:43:44,940 - Win rate (last 500): 0.204
2026-03-22 19:43:45,254 - Epsilon 0.05 | Avg reward: 0.258 | Epsilon: 0.050
2026-03-22 19:43:45,254 - Win rate (last 500): 0.258
2026-03-22 19:43:45,508 - Epsilon 0.05 | Avg reward: 0.324 | Epsilon: 0.050
2026-03-22 19:43:45,508 - Win rate (last 500): 0.324
2026-03-22 19:43:45,757 - Epsilon 0.05 | Avg reward: 0.252 | Epsilon: 0.050
2026-03-22 19:43:45,758 - Win rate (last 500): 0.252
2026-03-22 19:43:46,031 - Epsilon 0.05 | Avg reward: 0.286 | Epsilon: 0.050
2026-03-22 19:43:46,031 - Win rate (last 500): 0.286
2026-03-22 19:43:46,238 - Epsilon 0.05 | Avg reward: 0.270 | Epsilon: 0.050
2026-03-22 19:43:46,238 - Win rate (last 500): 0.270
2026-03-22 19:43:46,429 - Epsilon 0.05 | Avg reward: 0.222 | Epsilon: 0.050
2026-03-22 19:43:46,430 - Win rate (last 500): 0.222
2026-03-22 19:43:46,716 - Epsilon 0.05 | Avg reward: 0.276 | Epsilon: 0.050
2026-03-22 19:43:46,717 - Win rate (last 500): 0.276
2026-03-22 19:43:46,944 - Epsilon 0.05 | Avg reward: 0.284 | Epsilon: 0.050
2026-03-22 19:43:46,944 - Win rate (last 500): 0.284
2026-03-22 19:43:47,159 - Epsilon 0.05 | Avg reward: 0.312 | Epsilon: 0.050
2026-03-22 19:43:47,159 - Win rate (last 500): 0.312
2026-03-22 19:43:47,408 - Epsilon 0.05 | Avg reward: 0.238 | Epsilon: 0.050
2026-03-22 19:43:47,408 - Win rate (last 500): 0.238
2026-03-22 19:43:47,663 - Epsilon 0.05 | Avg reward: 0.272 | Epsilon: 0.050
2026-03-22 19:43:47,664 - Win rate (last 500): 0.272
2026-03-22 19:43:47,897 - Epsilon 0.05 | Avg reward: 0.258 | Epsilon: 0.050
2026-03-22 19:43:47,897 - Win rate (last 500): 0.258
2026-03-22 19:43:47,897 - Training wins: 4828/20000
2026-03-22 19:43:47,897 - Best avg reward: 0.324 at episode 15000
2026-03-22 19:43:47,898 - Best episode (avg reward): 15000
2026-03-22 19:43:47,899 - Q-table after training:
[[3.205e-01 1.302e-01 2.304e-01 1.292e-01]
 [4.401e-02 2.687e-02 5.837e-02 3.748e-01]
 [4.361e-02 3.049e-02 4.643e-02 7.349e-02]
 [4.356e-03 2.006e-03 9.381e-03 6.089e-02]
 [4.470e-01 1.991e-02 5.568e-02 5.122e-02]
 [0.000e+00 0.000e+00 0.000e+00 0.000e+00]
 [1.706e-05 1.465e-07 5.182e-03 4.601e-07]
 [0.000e+00 0.000e+00 0.000e+00 0.000e+00]
 [5.340e-02 4.946e-03 1.089e-01 2.738e-01]
 [9.567e-02 6.709e-01 2.726e-02 3.362e-05]
 [8.129e-02 2.458e-02 1.279e-03 2.116e-02]
 [0.000e+00 0.000e+00 0.000e+00 0.000e+00]
 [0.000e+00 0.000e+00 0.000e+00 0.000e+00]
 [9.248e-03 1.510e-01 8.958e-01 4.346e-01]
 [6.835e-01 9.943e-01 7.755e-01 2.603e-01]
 [0.000e+00 0.000e+00 0.000e+00 0.000e+00]]
2026-03-22 19:43:47,901 - Q-table saved: lab2/logs/qtable_20260322_194339.txt
2026-03-22 19:43:47,901 - Best action per state: [0, 3, 3, 3, 0, 0, 2, 0, 3, 1, 0, 0, 0, 2, 1, 0]
2026-03-22 19:43:47,902 - Best action at start state (0): 0
2026-03-22 19:43:47,902 - Q-table sum: 7.731531 | Equals 1? False
2026-03-22 19:43:49,427 - Learning curve saved: lab2/logs/learning_curve_20260322_194339.png
2026-03-22 19:43:49,451 - Win rate: 0.23
