2026-03-09 09:00:26,106 - ==== FrozenLake Q-Learning Training ====
2026-03-09 09:00:26,114 - Number of states: 16
2026-03-09 09:00:26,114 - Number of actions: 4
2026-03-09 09:00:26,115 - Initialize Q-table: 
2026-03-09 09:00:26,115 - [[0. 0. 0. 0.]
 [0. 0. 0. 0.]
 [0. 0. 0. 0.]
 [0. 0. 0. 0.]
 [0. 0. 0. 0.]
 [0. 0. 0. 0.]
 [0. 0. 0. 0.]
 [0. 0. 0. 0.]
 [0. 0. 0. 0.]
 [0. 0. 0. 0.]
 [0. 0. 0. 0.]
 [0. 0. 0. 0.]
 [0. 0. 0. 0.]
 [0. 0. 0. 0.]
 [0. 0. 0. 0.]
 [0. 0. 0. 0.]]
2026-03-09 09:00:26,118 - Epsilon 0.995 | Avg reward: 0.000 | Epsilon: 0.995
2026-03-09 09:00:26,225 - Epsilon 0.0811640021330769 | Avg reward: 0.052 | Epsilon: 0.081
2026-03-09 09:00:26,457 - Epsilon 0.01 | Avg reward: 0.346 | Epsilon: 0.010
2026-03-09 09:00:26,782 - Epsilon 0.01 | Avg reward: 0.512 | Epsilon: 0.010
2026-03-09 09:00:27,060 - Epsilon 0.01 | Avg reward: 0.410 | Epsilon: 0.010
2026-03-09 09:00:27,353 - Epsilon 0.01 | Avg reward: 0.486 | Epsilon: 0.010
2026-03-09 09:00:27,667 - Epsilon 0.01 | Avg reward: 0.508 | Epsilon: 0.010
2026-03-09 09:00:27,970 - Epsilon 0.01 | Avg reward: 0.512 | Epsilon: 0.010
2026-03-09 09:00:28,285 - Epsilon 0.01 | Avg reward: 0.504 | Epsilon: 0.010
2026-03-09 09:00:28,577 - Epsilon 0.01 | Avg reward: 0.570 | Epsilon: 0.010
2026-03-09 09:00:30,142 - Learning curve saved: lab2/logs/learning_curve_20260309_090026.png
2026-03-09 09:00:30,190 - Win rate: 0.80
