2026-03-16 08:44:21,803 - ==== FrozenLake Q-Learning Training ====
2026-03-16 08:44:21,812 - Number of states: 16
2026-03-16 08:44:21,813 - Number of actions: 4
2026-03-16 08:44:21,813 - Initialize Q-table: 
2026-03-16 08:44:21,813 - [[0. 0. 0. 0.]
 [0. 0. 0. 0.]
 [0. 0. 0. 0.]
 [0. 0. 0. 0.]
 [0. 0. 0. 0.]
 [0. 0. 0. 0.]
 [0. 0. 0. 0.]
 [0. 0. 0. 0.]
 [0. 0. 0. 0.]
 [0. 0. 0. 0.]
 [0. 0. 0. 0.]
 [0. 0. 0. 0.]
 [0. 0. 0. 0.]
 [0. 0. 0. 0.]
 [0. 0. 0. 0.]
 [0. 0. 0. 0.]]
2026-03-16 08:44:21,886 - Epsilon 0.6063789448611848 | Avg reward: 0.026 | Epsilon: 0.606
2026-03-16 08:44:21,886 - Win rate (last 500): 0.026
2026-03-16 08:44:21,974 - Epsilon 0.3676954247709635 | Avg reward: 0.030 | Epsilon: 0.368
2026-03-16 08:44:21,974 - Win rate (last 500): 0.030
2026-03-16 08:44:22,083 - Epsilon 0.22296276370290227 | Avg reward: 0.046 | Epsilon: 0.223
2026-03-16 08:44:22,083 - Win rate (last 500): 0.046
2026-03-16 08:44:22,221 - Epsilon 0.1351999253974994 | Avg reward: 0.114 | Epsilon: 0.135
2026-03-16 08:44:22,221 - Win rate (last 500): 0.114
2026-03-16 08:44:22,387 - Epsilon 0.08198238810784661 | Avg reward: 0.128 | Epsilon: 0.082
2026-03-16 08:44:22,387 - Win rate (last 500): 0.128
2026-03-16 08:44:22,577 - Epsilon 0.05 | Avg reward: 0.188 | Epsilon: 0.050
2026-03-16 08:44:22,578 - Win rate (last 500): 0.188
2026-03-16 08:44:22,800 - Epsilon 0.05 | Avg reward: 0.286 | Epsilon: 0.050
2026-03-16 08:44:22,800 - Win rate (last 500): 0.286
2026-03-16 08:44:23,030 - Epsilon 0.05 | Avg reward: 0.266 | Epsilon: 0.050
2026-03-16 08:44:23,031 - Win rate (last 500): 0.266
2026-03-16 08:44:23,268 - Epsilon 0.05 | Avg reward: 0.286 | Epsilon: 0.050
2026-03-16 08:44:23,268 - Win rate (last 500): 0.286
2026-03-16 08:44:23,474 - Epsilon 0.05 | Avg reward: 0.304 | Epsilon: 0.050
2026-03-16 08:44:23,474 - Win rate (last 500): 0.304
2026-03-16 08:44:23,696 - Epsilon 0.05 | Avg reward: 0.232 | Epsilon: 0.050
2026-03-16 08:44:23,697 - Win rate (last 500): 0.232
2026-03-16 08:44:23,940 - Epsilon 0.05 | Avg reward: 0.256 | Epsilon: 0.050
2026-03-16 08:44:23,941 - Win rate (last 500): 0.256
2026-03-16 08:44:24,204 - Epsilon 0.05 | Avg reward: 0.274 | Epsilon: 0.050
2026-03-16 08:44:24,205 - Win rate (last 500): 0.274
2026-03-16 08:44:24,452 - Epsilon 0.05 | Avg reward: 0.274 | Epsilon: 0.050
2026-03-16 08:44:24,452 - Win rate (last 500): 0.274
2026-03-16 08:44:24,718 - Epsilon 0.05 | Avg reward: 0.260 | Epsilon: 0.050
2026-03-16 08:44:24,718 - Win rate (last 500): 0.260
2026-03-16 08:44:24,947 - Epsilon 0.05 | Avg reward: 0.270 | Epsilon: 0.050
2026-03-16 08:44:24,947 - Win rate (last 500): 0.270
2026-03-16 08:44:25,169 - Epsilon 0.05 | Avg reward: 0.248 | Epsilon: 0.050
2026-03-16 08:44:25,169 - Win rate (last 500): 0.248
2026-03-16 08:44:25,391 - Epsilon 0.05 | Avg reward: 0.238 | Epsilon: 0.050
2026-03-16 08:44:25,391 - Win rate (last 500): 0.238
2026-03-16 08:44:25,589 - Epsilon 0.05 | Avg reward: 0.228 | Epsilon: 0.050
2026-03-16 08:44:25,589 - Win rate (last 500): 0.228
2026-03-16 08:44:25,815 - Epsilon 0.05 | Avg reward: 0.294 | Epsilon: 0.050
2026-03-16 08:44:25,816 - Win rate (last 500): 0.294
2026-03-16 08:44:26,031 - Epsilon 0.05 | Avg reward: 0.240 | Epsilon: 0.050
2026-03-16 08:44:26,032 - Win rate (last 500): 0.240
2026-03-16 08:44:26,256 - Epsilon 0.05 | Avg reward: 0.270 | Epsilon: 0.050
2026-03-16 08:44:26,257 - Win rate (last 500): 0.270
2026-03-16 08:44:26,475 - Epsilon 0.05 | Avg reward: 0.268 | Epsilon: 0.050
2026-03-16 08:44:26,476 - Win rate (last 500): 0.268
2026-03-16 08:44:26,678 - Epsilon 0.05 | Avg reward: 0.236 | Epsilon: 0.050
2026-03-16 08:44:26,679 - Win rate (last 500): 0.236
2026-03-16 08:44:26,894 - Epsilon 0.05 | Avg reward: 0.290 | Epsilon: 0.050
2026-03-16 08:44:26,894 - Win rate (last 500): 0.290
2026-03-16 08:44:27,143 - Epsilon 0.05 | Avg reward: 0.224 | Epsilon: 0.050
2026-03-16 08:44:27,143 - Win rate (last 500): 0.224
2026-03-16 08:44:27,355 - Epsilon 0.05 | Avg reward: 0.242 | Epsilon: 0.050
2026-03-16 08:44:27,355 - Win rate (last 500): 0.242
2026-03-16 08:44:27,577 - Epsilon 0.05 | Avg reward: 0.260 | Epsilon: 0.050
2026-03-16 08:44:27,578 - Win rate (last 500): 0.260
2026-03-16 08:44:27,798 - Epsilon 0.05 | Avg reward: 0.316 | Epsilon: 0.050
2026-03-16 08:44:27,798 - Win rate (last 500): 0.316
2026-03-16 08:44:28,016 - Epsilon 0.05 | Avg reward: 0.282 | Epsilon: 0.050
2026-03-16 08:44:28,016 - Win rate (last 500): 0.282
2026-03-16 08:44:28,248 - Epsilon 0.05 | Avg reward: 0.268 | Epsilon: 0.050
2026-03-16 08:44:28,248 - Win rate (last 500): 0.268
2026-03-16 08:44:28,488 - Epsilon 0.05 | Avg reward: 0.266 | Epsilon: 0.050
2026-03-16 08:44:28,488 - Win rate (last 500): 0.266
2026-03-16 08:44:28,701 - Epsilon 0.05 | Avg reward: 0.348 | Epsilon: 0.050
2026-03-16 08:44:28,701 - Win rate (last 500): 0.348
2026-03-16 08:44:28,924 - Epsilon 0.05 | Avg reward: 0.332 | Epsilon: 0.050
2026-03-16 08:44:28,924 - Win rate (last 500): 0.332
2026-03-16 08:44:29,146 - Epsilon 0.05 | Avg reward: 0.216 | Epsilon: 0.050
2026-03-16 08:44:29,146 - Win rate (last 500): 0.216
2026-03-16 08:44:29,377 - Epsilon 0.05 | Avg reward: 0.312 | Epsilon: 0.050
2026-03-16 08:44:29,378 - Win rate (last 500): 0.312
2026-03-16 08:44:29,588 - Epsilon 0.05 | Avg reward: 0.246 | Epsilon: 0.050
2026-03-16 08:44:29,589 - Win rate (last 500): 0.246
2026-03-16 08:44:29,814 - Epsilon 0.05 | Avg reward: 0.272 | Epsilon: 0.050
2026-03-16 08:44:29,815 - Win rate (last 500): 0.272
2026-03-16 08:44:30,056 - Epsilon 0.05 | Avg reward: 0.276 | Epsilon: 0.050
2026-03-16 08:44:30,056 - Win rate (last 500): 0.276
2026-03-16 08:44:30,264 - Epsilon 0.05 | Avg reward: 0.214 | Epsilon: 0.050
2026-03-16 08:44:30,264 - Win rate (last 500): 0.214
2026-03-16 08:44:30,264 - Training wins: 4813/20000
2026-03-16 08:44:30,264 - Best avg reward: 0.348 at episode 16500
2026-03-16 08:44:30,265 - Best episode (avg reward): 16500
2026-03-16 08:44:30,265 - Q-table after training:
[[2.417e-01 2.456e-01 2.302e-01 2.566e-01]
 [2.166e-03 5.947e-03 4.009e-03 1.241e-01]
 [1.259e-02 7.429e-03 1.391e-01 1.576e-02]
 [7.771e-03 2.027e-02 3.575e-03 2.147e-02]
 [2.826e-01 2.304e-04 2.230e-01 4.751e-02]
 [0.000e+00 0.000e+00 0.000e+00 0.000e+00]
 [4.187e-01 2.230e-04 4.670e-04 2.336e-09]
 [0.000e+00 0.000e+00 0.000e+00 0.000e+00]
 [7.914e-02 7.495e-04 3.349e-01 3.640e-01]
 [8.908e-02 3.845e-01 1.109e-01 2.942e-01]
 [7.900e-01 1.066e-01 4.892e-03 5.197e-03]
 [0.000e+00 0.000e+00 0.000e+00 0.000e+00]
 [0.000e+00 0.000e+00 0.000e+00 0.000e+00]
 [1.242e-01 1.088e-01 5.485e-01 4.284e-02]
 [2.615e-01 9.234e-01 5.327e-01 4.454e-01]
 [0.000e+00 0.000e+00 0.000e+00 0.000e+00]]
2026-03-16 08:44:30,266 - Q-table saved: lab2/logs/qtable_20260316_084421.txt
2026-03-16 08:44:30,267 - Best action per state: [3, 3, 2, 3, 0, 0, 0, 0, 3, 1, 0, 0, 0, 2, 1, 0]
2026-03-16 08:44:30,267 - Best action at start state (0): 3
2026-03-16 08:44:30,608 - Learning curve saved: lab2/logs/learning_curve_20260316_084421.png
2026-03-16 08:44:30,642 - Win rate: 0.49
