2026-03-16 08:54:38,637 - ==== FrozenLake Q-Learning Training ====
2026-03-16 08:54:38,647 - Number of states: 16
2026-03-16 08:54:38,647 - Number of actions: 4
2026-03-16 08:54:38,648 - Initialize Q-table: 
2026-03-16 08:54:38,648 - [[0. 0. 0. 0.]
 [0. 0. 0. 0.]
 [0. 0. 0. 0.]
 [0. 0. 0. 0.]
 [0. 0. 0. 0.]
 [0. 0. 0. 0.]
 [0. 0. 0. 0.]
 [0. 0. 0. 0.]
 [0. 0. 0. 0.]
 [0. 0. 0. 0.]
 [0. 0. 0. 0.]
 [0. 0. 0. 0.]
 [0. 0. 0. 0.]
 [0. 0. 0. 0.]
 [0. 0. 0. 0.]
 [0. 0. 0. 0.]]
2026-03-16 08:54:38,725 - Epsilon 0.6063789448611848 | Avg reward: 0.018 | Epsilon: 0.606
2026-03-16 08:54:38,726 - Win rate (last 500): 0.018
2026-03-16 08:54:38,820 - Epsilon 0.3676954247709635 | Avg reward: 0.030 | Epsilon: 0.368
2026-03-16 08:54:38,820 - Win rate (last 500): 0.030
2026-03-16 08:54:38,932 - Epsilon 0.22296276370290227 | Avg reward: 0.066 | Epsilon: 0.223
2026-03-16 08:54:38,932 - Win rate (last 500): 0.066
2026-03-16 08:54:39,061 - Epsilon 0.1351999253974994 | Avg reward: 0.104 | Epsilon: 0.135
2026-03-16 08:54:39,061 - Win rate (last 500): 0.104
2026-03-16 08:54:39,231 - Epsilon 0.08198238810784661 | Avg reward: 0.172 | Epsilon: 0.082
2026-03-16 08:54:39,232 - Win rate (last 500): 0.172
2026-03-16 08:54:39,457 - Epsilon 0.05 | Avg reward: 0.232 | Epsilon: 0.050
2026-03-16 08:54:39,457 - Win rate (last 500): 0.232
2026-03-16 08:54:39,677 - Epsilon 0.05 | Avg reward: 0.298 | Epsilon: 0.050
2026-03-16 08:54:39,677 - Win rate (last 500): 0.298
2026-03-16 08:54:39,901 - Epsilon 0.05 | Avg reward: 0.246 | Epsilon: 0.050
2026-03-16 08:54:39,901 - Win rate (last 500): 0.246
2026-03-16 08:54:40,112 - Epsilon 0.05 | Avg reward: 0.272 | Epsilon: 0.050
2026-03-16 08:54:40,112 - Win rate (last 500): 0.272
2026-03-16 08:54:40,324 - Epsilon 0.05 | Avg reward: 0.290 | Epsilon: 0.050
2026-03-16 08:54:40,324 - Win rate (last 500): 0.290
2026-03-16 08:54:40,563 - Epsilon 0.05 | Avg reward: 0.248 | Epsilon: 0.050
2026-03-16 08:54:40,564 - Win rate (last 500): 0.248
2026-03-16 08:54:40,808 - Epsilon 0.05 | Avg reward: 0.266 | Epsilon: 0.050
2026-03-16 08:54:40,808 - Win rate (last 500): 0.266
2026-03-16 08:54:41,032 - Epsilon 0.05 | Avg reward: 0.284 | Epsilon: 0.050
2026-03-16 08:54:41,032 - Win rate (last 500): 0.284
2026-03-16 08:54:41,240 - Epsilon 0.05 | Avg reward: 0.270 | Epsilon: 0.050
2026-03-16 08:54:41,240 - Win rate (last 500): 0.270
2026-03-16 08:54:41,466 - Epsilon 0.05 | Avg reward: 0.226 | Epsilon: 0.050
2026-03-16 08:54:41,466 - Win rate (last 500): 0.226
2026-03-16 08:54:41,671 - Epsilon 0.05 | Avg reward: 0.292 | Epsilon: 0.050
2026-03-16 08:54:41,671 - Win rate (last 500): 0.292
2026-03-16 08:54:41,914 - Epsilon 0.05 | Avg reward: 0.288 | Epsilon: 0.050
2026-03-16 08:54:41,915 - Win rate (last 500): 0.288
2026-03-16 08:54:42,130 - Epsilon 0.05 | Avg reward: 0.268 | Epsilon: 0.050
2026-03-16 08:54:42,131 - Win rate (last 500): 0.268
2026-03-16 08:54:42,351 - Epsilon 0.05 | Avg reward: 0.290 | Epsilon: 0.050
2026-03-16 08:54:42,351 - Win rate (last 500): 0.290
2026-03-16 08:54:42,548 - Epsilon 0.05 | Avg reward: 0.200 | Epsilon: 0.050
2026-03-16 08:54:42,548 - Win rate (last 500): 0.200
2026-03-16 08:54:42,761 - Epsilon 0.05 | Avg reward: 0.272 | Epsilon: 0.050
2026-03-16 08:54:42,762 - Win rate (last 500): 0.272
2026-03-16 08:54:42,975 - Epsilon 0.05 | Avg reward: 0.220 | Epsilon: 0.050
2026-03-16 08:54:42,975 - Win rate (last 500): 0.220
2026-03-16 08:54:43,196 - Epsilon 0.05 | Avg reward: 0.304 | Epsilon: 0.050
2026-03-16 08:54:43,196 - Win rate (last 500): 0.304
2026-03-16 08:54:43,405 - Epsilon 0.05 | Avg reward: 0.298 | Epsilon: 0.050
2026-03-16 08:54:43,405 - Win rate (last 500): 0.298
2026-03-16 08:54:43,623 - Epsilon 0.05 | Avg reward: 0.282 | Epsilon: 0.050
2026-03-16 08:54:43,623 - Win rate (last 500): 0.282
2026-03-16 08:54:43,840 - Epsilon 0.05 | Avg reward: 0.224 | Epsilon: 0.050
2026-03-16 08:54:43,841 - Win rate (last 500): 0.224
2026-03-16 08:54:44,059 - Epsilon 0.05 | Avg reward: 0.246 | Epsilon: 0.050
2026-03-16 08:54:44,060 - Win rate (last 500): 0.246
2026-03-16 08:54:44,284 - Epsilon 0.05 | Avg reward: 0.266 | Epsilon: 0.050
2026-03-16 08:54:44,285 - Win rate (last 500): 0.266
2026-03-16 08:54:44,502 - Epsilon 0.05 | Avg reward: 0.280 | Epsilon: 0.050
2026-03-16 08:54:44,502 - Win rate (last 500): 0.280
2026-03-16 08:54:44,716 - Epsilon 0.05 | Avg reward: 0.268 | Epsilon: 0.050
2026-03-16 08:54:44,716 - Win rate (last 500): 0.268
2026-03-16 08:54:44,942 - Epsilon 0.05 | Avg reward: 0.298 | Epsilon: 0.050
2026-03-16 08:54:44,942 - Win rate (last 500): 0.298
2026-03-16 08:54:45,137 - Epsilon 0.05 | Avg reward: 0.238 | Epsilon: 0.050
2026-03-16 08:54:45,138 - Win rate (last 500): 0.238
2026-03-16 08:54:45,352 - Epsilon 0.05 | Avg reward: 0.264 | Epsilon: 0.050
2026-03-16 08:54:45,353 - Win rate (last 500): 0.264
2026-03-16 08:54:45,566 - Epsilon 0.05 | Avg reward: 0.272 | Epsilon: 0.050
2026-03-16 08:54:45,566 - Win rate (last 500): 0.272
2026-03-16 08:54:45,773 - Epsilon 0.05 | Avg reward: 0.302 | Epsilon: 0.050
2026-03-16 08:54:45,773 - Win rate (last 500): 0.302
2026-03-16 08:54:45,997 - Epsilon 0.05 | Avg reward: 0.302 | Epsilon: 0.050
2026-03-16 08:54:45,997 - Win rate (last 500): 0.302
2026-03-16 08:54:46,207 - Epsilon 0.05 | Avg reward: 0.278 | Epsilon: 0.050
2026-03-16 08:54:46,208 - Win rate (last 500): 0.278
2026-03-16 08:54:46,424 - Epsilon 0.05 | Avg reward: 0.250 | Epsilon: 0.050
2026-03-16 08:54:46,424 - Win rate (last 500): 0.250
2026-03-16 08:54:46,657 - Epsilon 0.05 | Avg reward: 0.322 | Epsilon: 0.050
2026-03-16 08:54:46,657 - Win rate (last 500): 0.322
2026-03-16 08:54:46,865 - Epsilon 0.05 | Avg reward: 0.310 | Epsilon: 0.050
2026-03-16 08:54:46,865 - Win rate (last 500): 0.310
2026-03-16 08:54:46,866 - Training wins: 4928/20000
2026-03-16 08:54:46,866 - Best avg reward: 0.322 at episode 19500
2026-03-16 08:54:46,866 - Best episode (avg reward): 19500
2026-03-16 08:54:46,867 - Q-table after training:
[[1.392e-01 9.972e-02 8.061e-02 1.109e-01]
 [1.845e-02 3.342e-02 1.950e-02 1.308e-01]
 [2.419e-02 1.540e-01 3.781e-02 5.165e-02]
 [2.799e-04 3.512e-04 2.517e-02 7.138e-02]
 [1.699e-01 5.366e-02 9.874e-03 4.447e-02]
 [0.000e+00 0.000e+00 0.000e+00 0.000e+00]
 [2.116e-03 9.866e-10 9.733e-03 6.833e-04]
 [0.000e+00 0.000e+00 0.000e+00 0.000e+00]
 [1.364e-01 3.719e-02 1.750e-01 1.510e-01]
 [1.013e-01 8.448e-02 2.300e-02 3.722e-02]
 [2.885e-02 8.744e-02 3.137e-03 2.079e-02]
 [0.000e+00 0.000e+00 0.000e+00 0.000e+00]
 [0.000e+00 0.000e+00 0.000e+00 0.000e+00]
 [4.998e-02 1.157e-01 5.629e-01 1.266e-01]
 [5.860e-01 3.770e-01 3.798e-01 2.433e-01]
 [0.000e+00 0.000e+00 0.000e+00 0.000e+00]]
2026-03-16 08:54:46,868 - Q-table saved: lab2/logs/qtable_20260316_085438.txt
2026-03-16 08:54:46,869 - Best action per state: [0, 3, 1, 3, 0, 0, 2, 0, 2, 0, 1, 0, 0, 2, 0, 0]
2026-03-16 08:54:46,869 - Best action at start state (0): 0
2026-03-16 08:54:46,869 - Q-table sum: 4.615085 | Equals 1? False
2026-03-16 08:54:47,190 - Learning curve saved: lab2/logs/learning_curve_20260316_085438.png
2026-03-16 08:54:47,218 - Win rate: 0.26
