2026-03-23 08:58:15,470 - ==== FrozenLake Q-Learning Training ====
2026-03-23 08:58:15,479 - Number of states: 16
2026-03-23 08:58:15,479 - Number of actions: 4
2026-03-23 08:58:15,479 - Initialize Q-table: 
2026-03-23 08:58:15,480 - [[0. 0. 0. 0.]
 [0. 0. 0. 0.]
 [0. 0. 0. 0.]
 [0. 0. 0. 0.]
 [0. 0. 0. 0.]
 [0. 0. 0. 0.]
 [0. 0. 0. 0.]
 [0. 0. 0. 0.]
 [0. 0. 0. 0.]
 [0. 0. 0. 0.]
 [0. 0. 0. 0.]
 [0. 0. 0. 0.]
 [0. 0. 0. 0.]
 [0. 0. 0. 0.]
 [0. 0. 0. 0.]
 [0. 0. 0. 0.]]
2026-03-23 08:58:15,599 - Epsilon 0.08157186144027828 | Avg reward: 0.108 | Epsilon: 0.082
2026-03-23 08:58:15,599 - Win rate (last 500): 0.108
2026-03-23 08:58:15,826 - Epsilon 0.01 | Avg reward: 0.340 | Epsilon: 0.010
2026-03-23 08:58:15,826 - Win rate (last 500): 0.340
2026-03-23 08:58:16,123 - Epsilon 0.01 | Avg reward: 0.476 | Epsilon: 0.010
2026-03-23 08:58:16,123 - Win rate (last 500): 0.476
2026-03-23 08:58:16,439 - Epsilon 0.01 | Avg reward: 0.600 | Epsilon: 0.010
2026-03-23 08:58:16,439 - Win rate (last 500): 0.600
2026-03-23 08:58:16,781 - Epsilon 0.01 | Avg reward: 0.640 | Epsilon: 0.010
2026-03-23 08:58:16,782 - Win rate (last 500): 0.640
2026-03-23 08:58:17,107 - Epsilon 0.01 | Avg reward: 0.692 | Epsilon: 0.010
2026-03-23 08:58:17,107 - Win rate (last 500): 0.692
2026-03-23 08:58:17,431 - Epsilon 0.01 | Avg reward: 0.692 | Epsilon: 0.010
2026-03-23 08:58:17,432 - Win rate (last 500): 0.692
2026-03-23 08:58:17,744 - Epsilon 0.01 | Avg reward: 0.724 | Epsilon: 0.010
2026-03-23 08:58:17,745 - Win rate (last 500): 0.724
2026-03-23 08:58:18,068 - Epsilon 0.01 | Avg reward: 0.712 | Epsilon: 0.010
2026-03-23 08:58:18,068 - Win rate (last 500): 0.712
2026-03-23 08:58:18,396 - Epsilon 0.01 | Avg reward: 0.666 | Epsilon: 0.010
2026-03-23 08:58:18,396 - Win rate (last 500): 0.666
2026-03-23 08:58:18,694 - Epsilon 0.01 | Avg reward: 0.690 | Epsilon: 0.010
2026-03-23 08:58:18,694 - Win rate (last 500): 0.690
2026-03-23 08:58:19,013 - Epsilon 0.01 | Avg reward: 0.722 | Epsilon: 0.010
2026-03-23 08:58:19,013 - Win rate (last 500): 0.722
2026-03-23 08:58:19,329 - Epsilon 0.01 | Avg reward: 0.676 | Epsilon: 0.010
2026-03-23 08:58:19,329 - Win rate (last 500): 0.676
2026-03-23 08:58:19,658 - Epsilon 0.01 | Avg reward: 0.660 | Epsilon: 0.010
2026-03-23 08:58:19,658 - Win rate (last 500): 0.660
2026-03-23 08:58:20,002 - Epsilon 0.01 | Avg reward: 0.638 | Epsilon: 0.010
2026-03-23 08:58:20,002 - Win rate (last 500): 0.638
2026-03-23 08:58:20,339 - Epsilon 0.01 | Avg reward: 0.648 | Epsilon: 0.010
2026-03-23 08:58:20,339 - Win rate (last 500): 0.648
2026-03-23 08:58:20,678 - Epsilon 0.01 | Avg reward: 0.678 | Epsilon: 0.010
2026-03-23 08:58:20,678 - Win rate (last 500): 0.678
2026-03-23 08:58:20,990 - Epsilon 0.01 | Avg reward: 0.700 | Epsilon: 0.010
2026-03-23 08:58:20,990 - Win rate (last 500): 0.700
2026-03-23 08:58:21,313 - Epsilon 0.01 | Avg reward: 0.702 | Epsilon: 0.010
2026-03-23 08:58:21,313 - Win rate (last 500): 0.702
2026-03-23 08:58:21,629 - Epsilon 0.01 | Avg reward: 0.652 | Epsilon: 0.010
2026-03-23 08:58:21,629 - Win rate (last 500): 0.652
2026-03-23 08:58:21,964 - Epsilon 0.01 | Avg reward: 0.658 | Epsilon: 0.010
2026-03-23 08:58:21,965 - Win rate (last 500): 0.658
2026-03-23 08:58:22,313 - Epsilon 0.01 | Avg reward: 0.698 | Epsilon: 0.010
2026-03-23 08:58:22,314 - Win rate (last 500): 0.698
2026-03-23 08:58:22,625 - Epsilon 0.01 | Avg reward: 0.634 | Epsilon: 0.010
2026-03-23 08:58:22,625 - Win rate (last 500): 0.634
2026-03-23 08:58:22,953 - Epsilon 0.01 | Avg reward: 0.694 | Epsilon: 0.010
2026-03-23 08:58:22,953 - Win rate (last 500): 0.694
2026-03-23 08:58:23,282 - Epsilon 0.01 | Avg reward: 0.680 | Epsilon: 0.010
2026-03-23 08:58:23,282 - Win rate (last 500): 0.680
2026-03-23 08:58:23,595 - Epsilon 0.01 | Avg reward: 0.686 | Epsilon: 0.010
2026-03-23 08:58:23,595 - Win rate (last 500): 0.686
2026-03-23 08:58:23,906 - Epsilon 0.01 | Avg reward: 0.666 | Epsilon: 0.010
2026-03-23 08:58:23,906 - Win rate (last 500): 0.666
2026-03-23 08:58:24,217 - Epsilon 0.01 | Avg reward: 0.690 | Epsilon: 0.010
2026-03-23 08:58:24,217 - Win rate (last 500): 0.690
2026-03-23 08:58:24,576 - Epsilon 0.01 | Avg reward: 0.644 | Epsilon: 0.010
2026-03-23 08:58:24,576 - Win rate (last 500): 0.644
2026-03-23 08:58:24,944 - Epsilon 0.01 | Avg reward: 0.702 | Epsilon: 0.010
2026-03-23 08:58:24,944 - Win rate (last 500): 0.702
2026-03-23 08:58:25,289 - Epsilon 0.01 | Avg reward: 0.690 | Epsilon: 0.010
2026-03-23 08:58:25,289 - Win rate (last 500): 0.690
2026-03-23 08:58:25,631 - Epsilon 0.01 | Avg reward: 0.644 | Epsilon: 0.010
2026-03-23 08:58:25,632 - Win rate (last 500): 0.644
2026-03-23 08:58:25,979 - Epsilon 0.01 | Avg reward: 0.696 | Epsilon: 0.010
2026-03-23 08:58:25,979 - Win rate (last 500): 0.696
2026-03-23 08:58:26,323 - Epsilon 0.01 | Avg reward: 0.688 | Epsilon: 0.010
2026-03-23 08:58:26,323 - Win rate (last 500): 0.688
2026-03-23 08:58:26,675 - Epsilon 0.01 | Avg reward: 0.706 | Epsilon: 0.010
2026-03-23 08:58:26,676 - Win rate (last 500): 0.706
2026-03-23 08:58:27,043 - Epsilon 0.01 | Avg reward: 0.678 | Epsilon: 0.010
2026-03-23 08:58:27,043 - Win rate (last 500): 0.678
2026-03-23 08:58:27,423 - Epsilon 0.01 | Avg reward: 0.656 | Epsilon: 0.010
2026-03-23 08:58:27,423 - Win rate (last 500): 0.656
2026-03-23 08:58:27,775 - Epsilon 0.01 | Avg reward: 0.714 | Epsilon: 0.010
2026-03-23 08:58:27,775 - Win rate (last 500): 0.714
2026-03-23 08:58:28,140 - Epsilon 0.01 | Avg reward: 0.656 | Epsilon: 0.010
2026-03-23 08:58:28,141 - Win rate (last 500): 0.656
2026-03-23 08:58:28,492 - Epsilon 0.01 | Avg reward: 0.720 | Epsilon: 0.010
2026-03-23 08:58:28,493 - Win rate (last 500): 0.720
2026-03-23 08:58:28,493 - Training wins: 13008/20000
2026-03-23 08:58:28,494 - Best avg reward: 0.724 at episode 4000
2026-03-23 08:58:28,494 - Best episode (avg reward): 4000
2026-03-23 08:58:28,495 - Q-table after training:
[[5.989e-01 5.140e-01 5.221e-01 5.052e-01]
 [1.469e-01 2.180e-01 1.856e-01 5.307e-01]
 [4.566e-01 1.848e-01 1.744e-01 1.654e-01]
 [7.423e-08 6.333e-04 0.000e+00 1.592e-01]
 [6.332e-01 3.783e-01 4.546e-01 4.250e-01]
 [0.000e+00 0.000e+00 0.000e+00 0.000e+00]
 [3.342e-01 1.902e-01 2.007e-01 7.753e-02]
 [0.000e+00 0.000e+00 0.000e+00 0.000e+00]
 [4.940e-01 3.743e-01 4.179e-01 6.543e-01]
 [4.240e-01 7.197e-01 2.135e-01 3.728e-01]
 [6.951e-01 3.735e-01 2.697e-01 2.502e-01]
 [0.000e+00 0.000e+00 0.000e+00 0.000e+00]
 [0.000e+00 0.000e+00 0.000e+00 0.000e+00]
 [3.682e-01 4.796e-01 8.057e-01 4.700e-01]
 [6.098e-01 8.939e-01 7.391e-01 7.746e-01]
 [0.000e+00 0.000e+00 0.000e+00 0.000e+00]]
2026-03-23 08:58:28,497 - Q-table saved: lab2/logs/qtable_20260323_085815.txt
2026-03-23 08:58:28,497 - Best action per state: [0, 3, 0, 3, 0, 0, 0, 0, 3, 1, 0, 0, 0, 2, 1, 0]
2026-03-23 08:58:28,498 - Best action at start state (0): 0
2026-03-23 08:58:30,256 - Learning curve saved: lab2/logs/learning_curve_20260323_085815.png
2026-03-23 08:58:30,732 - Win rate curve saved: lab2/logs/winrate_curve_20260323_085815.png
2026-03-23 08:58:30,772 - Win rate: 0.70
