2026-03-23 08:52:57,602 - ==== FrozenLake Q-Learning Training ====
2026-03-23 08:52:57,609 - Number of states: 16
2026-03-23 08:52:57,610 - Number of actions: 4
2026-03-23 08:52:57,610 - Initialize Q-table: 
2026-03-23 08:52:57,610 - [[0. 0. 0. 0.]
 [0. 0. 0. 0.]
 [0. 0. 0. 0.]
 [0. 0. 0. 0.]
 [0. 0. 0. 0.]
 [0. 0. 0. 0.]
 [0. 0. 0. 0.]
 [0. 0. 0. 0.]
 [0. 0. 0. 0.]
 [0. 0. 0. 0.]
 [0. 0. 0. 0.]
 [0. 0. 0. 0.]
 [0. 0. 0. 0.]
 [0. 0. 0. 0.]
 [0. 0. 0. 0.]
 [0. 0. 0. 0.]]
2026-03-23 08:52:57,682 - Epsilon 0.7787520933134615 | Avg reward: 0.024 | Epsilon: 0.779
2026-03-23 08:52:57,683 - Win rate (last 500): 0.024
2026-03-23 08:52:57,763 - Epsilon 0.606454822840097 | Avg reward: 0.026 | Epsilon: 0.606
2026-03-23 08:52:57,764 - Win rate (last 500): 0.026
2026-03-23 08:52:57,894 - Epsilon 0.4722779627867691 | Avg reward: 0.034 | Epsilon: 0.472
2026-03-23 08:52:57,894 - Win rate (last 500): 0.034
2026-03-23 08:52:58,002 - Epsilon 0.3677874521460121 | Avg reward: 0.084 | Epsilon: 0.368
2026-03-23 08:52:58,002 - Win rate (last 500): 0.084
2026-03-23 08:52:58,127 - Epsilon 0.28641524825313086 | Avg reward: 0.098 | Epsilon: 0.286
2026-03-23 08:52:58,128 - Win rate (last 500): 0.098
2026-03-23 08:52:58,278 - Epsilon 0.22304647413401948 | Avg reward: 0.180 | Epsilon: 0.223
2026-03-23 08:52:58,279 - Win rate (last 500): 0.180
2026-03-23 08:52:58,451 - Epsilon 0.17369790863805412 | Avg reward: 0.184 | Epsilon: 0.174
2026-03-23 08:52:58,451 - Win rate (last 500): 0.184
2026-03-23 08:52:58,635 - Epsilon 0.13526760995605422 | Avg reward: 0.246 | Epsilon: 0.135
2026-03-23 08:52:58,635 - Win rate (last 500): 0.246
2026-03-23 08:52:58,830 - Epsilon 0.10533993441078586 | Avg reward: 0.280 | Epsilon: 0.105
2026-03-23 08:52:58,830 - Win rate (last 500): 0.280
2026-03-23 08:52:59,031 - Epsilon 0.0820336944319021 | Avg reward: 0.280 | Epsilon: 0.082
2026-03-23 08:52:59,031 - Win rate (last 500): 0.280
2026-03-23 08:52:59,245 - Epsilon 0.06388391126108031 | Avg reward: 0.360 | Epsilon: 0.064
2026-03-23 08:52:59,246 - Win rate (last 500): 0.360
2026-03-23 08:52:59,505 - Epsilon 0.04974972962361759 | Avg reward: 0.390 | Epsilon: 0.050
2026-03-23 08:52:59,505 - Win rate (last 500): 0.390
2026-03-23 08:52:59,762 - Epsilon 0.03874270608617077 | Avg reward: 0.426 | Epsilon: 0.039
2026-03-23 08:52:59,763 - Win rate (last 500): 0.426
2026-03-23 08:53:00,031 - Epsilon 0.03017096346523357 | Avg reward: 0.418 | Epsilon: 0.030
2026-03-23 08:53:00,031 - Win rate (last 500): 0.418
2026-03-23 08:53:00,302 - Epsilon 0.02349570095583451 | Avg reward: 0.498 | Epsilon: 0.023
2026-03-23 08:53:00,303 - Win rate (last 500): 0.498
2026-03-23 08:53:00,602 - Epsilon 0.018297326303223154 | Avg reward: 0.574 | Epsilon: 0.018
2026-03-23 08:53:00,602 - Win rate (last 500): 0.574
2026-03-23 08:53:00,869 - Epsilon 0.014249081160674432 | Avg reward: 0.556 | Epsilon: 0.014
2026-03-23 08:53:00,869 - Win rate (last 500): 0.556
2026-03-23 08:53:01,127 - Epsilon 0.011096501781668586 | Avg reward: 0.442 | Epsilon: 0.011
2026-03-23 08:53:01,127 - Win rate (last 500): 0.442
2026-03-23 08:53:01,426 - Epsilon 0.01 | Avg reward: 0.612 | Epsilon: 0.010
2026-03-23 08:53:01,426 - Win rate (last 500): 0.612
2026-03-23 08:53:01,753 - Epsilon 0.01 | Avg reward: 0.566 | Epsilon: 0.010
2026-03-23 08:53:01,753 - Win rate (last 500): 0.566
2026-03-23 08:53:02,056 - Epsilon 0.01 | Avg reward: 0.592 | Epsilon: 0.010
2026-03-23 08:53:02,056 - Win rate (last 500): 0.592
2026-03-23 08:53:02,347 - Epsilon 0.01 | Avg reward: 0.628 | Epsilon: 0.010
2026-03-23 08:53:02,348 - Win rate (last 500): 0.628
2026-03-23 08:53:02,648 - Epsilon 0.01 | Avg reward: 0.606 | Epsilon: 0.010
2026-03-23 08:53:02,649 - Win rate (last 500): 0.606
2026-03-23 08:53:02,962 - Epsilon 0.01 | Avg reward: 0.520 | Epsilon: 0.010
2026-03-23 08:53:02,962 - Win rate (last 500): 0.520
2026-03-23 08:53:03,267 - Epsilon 0.01 | Avg reward: 0.574 | Epsilon: 0.010
2026-03-23 08:53:03,268 - Win rate (last 500): 0.574
2026-03-23 08:53:03,577 - Epsilon 0.01 | Avg reward: 0.598 | Epsilon: 0.010
2026-03-23 08:53:03,577 - Win rate (last 500): 0.598
2026-03-23 08:53:03,893 - Epsilon 0.01 | Avg reward: 0.654 | Epsilon: 0.010
2026-03-23 08:53:03,893 - Win rate (last 500): 0.654
2026-03-23 08:53:04,201 - Epsilon 0.01 | Avg reward: 0.652 | Epsilon: 0.010
2026-03-23 08:53:04,202 - Win rate (last 500): 0.652
2026-03-23 08:53:04,493 - Epsilon 0.01 | Avg reward: 0.610 | Epsilon: 0.010
2026-03-23 08:53:04,493 - Win rate (last 500): 0.610
2026-03-23 08:53:04,787 - Epsilon 0.01 | Avg reward: 0.570 | Epsilon: 0.010
2026-03-23 08:53:04,787 - Win rate (last 500): 0.570
2026-03-23 08:53:05,071 - Epsilon 0.01 | Avg reward: 0.640 | Epsilon: 0.010
2026-03-23 08:53:05,072 - Win rate (last 500): 0.640
2026-03-23 08:53:05,373 - Epsilon 0.01 | Avg reward: 0.642 | Epsilon: 0.010
2026-03-23 08:53:05,373 - Win rate (last 500): 0.642
2026-03-23 08:53:05,662 - Epsilon 0.01 | Avg reward: 0.594 | Epsilon: 0.010
2026-03-23 08:53:05,663 - Win rate (last 500): 0.594
2026-03-23 08:53:05,959 - Epsilon 0.01 | Avg reward: 0.624 | Epsilon: 0.010
2026-03-23 08:53:05,959 - Win rate (last 500): 0.624
2026-03-23 08:53:06,293 - Epsilon 0.01 | Avg reward: 0.612 | Epsilon: 0.010
2026-03-23 08:53:06,294 - Win rate (last 500): 0.612
2026-03-23 08:53:06,577 - Epsilon 0.01 | Avg reward: 0.592 | Epsilon: 0.010
2026-03-23 08:53:06,577 - Win rate (last 500): 0.592
2026-03-23 08:53:06,843 - Epsilon 0.01 | Avg reward: 0.546 | Epsilon: 0.010
2026-03-23 08:53:06,843 - Win rate (last 500): 0.546
2026-03-23 08:53:07,139 - Epsilon 0.01 | Avg reward: 0.546 | Epsilon: 0.010
2026-03-23 08:53:07,139 - Win rate (last 500): 0.546
2026-03-23 08:53:07,425 - Epsilon 0.01 | Avg reward: 0.552 | Epsilon: 0.010
2026-03-23 08:53:07,425 - Win rate (last 500): 0.552
2026-03-23 08:53:07,740 - Epsilon 0.01 | Avg reward: 0.680 | Epsilon: 0.010
2026-03-23 08:53:07,740 - Win rate (last 500): 0.680
2026-03-23 08:53:07,740 - Training wins: 9155/20000
2026-03-23 08:53:07,741 - Best avg reward: 0.680 at episode 20000
2026-03-23 08:53:07,741 - Best episode (avg reward): 20000
2026-03-23 08:53:07,742 - Q-table after training:
[[0.152 0.147 0.148 0.148]
 [0.066 0.044 0.073 0.139]
 [0.067 0.166 0.075 0.059]
 [0.068 0.052 0.057 0.127]
 [0.166 0.092 0.165 0.133]
 [0.000 0.000 0.000 0.000]
 [0.206 0.024 0.025 0.027]
 [0.000 0.000 0.000 0.000]
 [0.130 0.203 0.171 0.236]
 [0.233 0.307 0.235 0.186]
 [0.393 0.163 0.154 0.109]
 [0.000 0.000 0.000 0.000]
 [0.000 0.000 0.000 0.000]
 [0.312 0.361 0.377 0.201]
 [0.502 0.577 0.518 0.511]
 [0.000 0.000 0.000 0.000]]
2026-03-23 08:53:07,743 - Q-table saved: lab2/logs/qtable_20260323_085257.txt
2026-03-23 08:53:07,743 - Best action per state: [0, 3, 1, 3, 0, 0, 0, 0, 3, 1, 0, 0, 0, 2, 1, 0]
2026-03-23 08:53:07,743 - Best action at start state (0): 0
2026-03-23 08:53:09,427 - Learning curve saved: lab2/logs/learning_curve_20260323_085257.png
2026-03-23 08:53:09,921 - Win rate curve saved: lab2/logs/winrate_curve_20260323_085257.png
2026-03-23 08:53:09,966 - Win rate: 0.71
